Component: ARM Compiler 5.05 (build 41) Tool: armlink [4d0eb9]

==============================================================================

Section Cross References

    aduc702x.o(STACK) refers (Special) to heapauxi.o(.text) for __use_two_region_memory
    aduc702x.o(HEAP) refers (Special) to heapauxi.o(.text) for __use_two_region_memory
    aduc702x.o(RESET) refers (Special) to heapauxi.o(.text) for __use_two_region_memory
    aduc702x.o(RESET) refers to datalogger.o(i.Undef_Handler) for Undef_Handler
    aduc702x.o(RESET) refers to datalogger.o(i.SWI_Handler) for SWI_Handler
    aduc702x.o(RESET) refers to datalogger.o(i.PAbt_Handler) for PAbt_Handler
    aduc702x.o(RESET) refers to datalogger.o(i.DAbt_Handler) for DAbt_Handler
    aduc702x.o(RESET) refers to datalogger.o(i.IRQ_Handler) for IRQ_Handler
    aduc702x.o(RESET) refers to datalogger.o(i.FIQ_Handler) for FIQ_Handler
    aduc702x.o(RESET) refers to aduc702x.o(STACK) for Stack_Top
    aduc702x.o(RESET) refers to __main.o(!!!main) for __main
    aduc702x.o(.text) refers (Special) to heapauxi.o(.text) for __use_two_region_memory
    aduc702x.o(.text) refers to aduc702x.o(HEAP) for Heap_Mem
    aduc702x.o(.text) refers to aduc702x.o(STACK) for Stack_Mem
    debug_printf.o(i.debug_printf) refers to aeabi_sdivfast.o(.text_udiv) for __aeabi_uidivmod
    datalogger.o(i.DAbt_Handler) refers to debug_printf.o(i.debug_printf) for debug_printf
    datalogger.o(i.DAbt_Handler) refers to datalogger.o(i.greenLight) for greenLight
    datalogger.o(i.DAbt_Handler) refers to datalogger.o(i.redLight) for redLight
    datalogger.o(i.FIQ_Handler) refers to debug_printf.o(i.debug_printf) for debug_printf
    datalogger.o(i.FIQ_Handler) refers to datalogger.o(i.greenLight) for greenLight
    datalogger.o(i.FIQ_Handler) refers to datalogger.o(i.redLight) for redLight
    datalogger.o(i.IRQ_Handler) refers to xl345_io_bb.o(i.xl345Read) for xl345Read
    datalogger.o(i.IRQ_Handler) refers to datalogger.o(.data) for .data
    datalogger.o(i.IRQ_Handler) refers to datalogger.o(.bss) for .bss
    datalogger.o(i.InitFs) refers to _printf_percent.o(.ARM.Collect$$_printf_percent$$00000000) for _printf_percent
    datalogger.o(i.InitFs) refers to _printf_s.o(.ARM.Collect$$_printf_percent$$00000014) for _printf_s
    datalogger.o(i.InitFs) refers to _printf_str.o(.text) for _printf_str
    datalogger.o(i.InitFs) refers to _printf_pad.o(.text) for _printf_pre_padding
    datalogger.o(i.InitFs) refers to _printf_d.o(.ARM.Collect$$_printf_percent$$00000009) for _printf_d
    datalogger.o(i.InitFs) refers to _printf_dec.o(.text) for _printf_int_dec
    datalogger.o(i.InitFs) refers to rt_memclr_w.o(.text) for __aeabi_memclr4
    datalogger.o(i.InitFs) refers to noretval__2snprintf.o(.text) for __2snprintf
    datalogger.o(i.InitFs) refers to debug_printf.o(i.debug_printf) for debug_printf
    datalogger.o(i.InitFs) refers to efs.o(i.efs_init) for efs_init
    datalogger.o(i.InitFs) refers to ui.o(i.mkdir) for mkdir
    datalogger.o(i.InitFs) refers to file.o(i.file_fopen) for file_fopen
    datalogger.o(i.InitFs) refers to file.o(i.file_write) for file_write
    datalogger.o(i.InitFs) refers to file.o(i.file_fclose) for file_fclose
    datalogger.o(i.InitFs) refers to fs.o(i.fs_umount) for fs_umount
    datalogger.o(i.Initialize) refers to xl345_io_bb.o(i.i2cinit) for i2cinit
    datalogger.o(i.Initialize) refers to debug_printf.o(i.UART_Config) for UART_Config
    datalogger.o(i.Initialize) refers to xl345_io_bb.o(i.xl345Write) for xl345Write
    datalogger.o(i.PAbt_Handler) refers to debug_printf.o(i.debug_printf) for debug_printf
    datalogger.o(i.PAbt_Handler) refers to datalogger.o(i.greenLight) for greenLight
    datalogger.o(i.PAbt_Handler) refers to datalogger.o(i.redLight) for redLight
    datalogger.o(i.SWI_Handler) refers to debug_printf.o(i.debug_printf) for debug_printf
    datalogger.o(i.SWI_Handler) refers to datalogger.o(i.greenLight) for greenLight
    datalogger.o(i.SWI_Handler) refers to datalogger.o(i.redLight) for redLight
    datalogger.o(i.SensorLoop) refers to _printf_pad.o(.text) for _printf_pre_padding
    datalogger.o(i.SensorLoop) refers to _printf_percent.o(.ARM.Collect$$_printf_percent$$00000000) for _printf_percent
    datalogger.o(i.SensorLoop) refers to _printf_d.o(.ARM.Collect$$_printf_percent$$00000009) for _printf_d
    datalogger.o(i.SensorLoop) refers to _printf_dec.o(.text) for _printf_int_dec
    datalogger.o(i.SensorLoop) refers to debug_printf.o(i.debug_printf) for debug_printf
    datalogger.o(i.SensorLoop) refers to xl345_io_bb.o(i.xl345Read) for xl345Read
    datalogger.o(i.SensorLoop) refers to efs.o(i.efs_init) for efs_init
    datalogger.o(i.SensorLoop) refers to file.o(i.file_fopen) for file_fopen
    datalogger.o(i.SensorLoop) refers to file.o(i.file_write) for file_write
    datalogger.o(i.SensorLoop) refers to file.o(i.file_fclose) for file_fclose
    datalogger.o(i.SensorLoop) refers to fs.o(i.fs_umount) for fs_umount
[...]
    libinit.o(.ARM.Collect$$libinit$$00000000) refers (Special) to libinit2.o(.ARM.Collect$$libinit$$00000004) for __rt_lib_init_preinit_1
    libinit.o(.ARM.Collect$$libinit$$00000000) refers (Special) to libinit2.o(.ARM.Collect$$libinit$$0000000E) for __rt_lib_init_rand_1
    libinit.o(.ARM.Collect$$libinit$$00000000) refers (Special) to libinit2.o(.ARM.Collect$$libinit$$00000033) for __rt_lib_init_return
    libinit.o(.ARM.Collect$$libinit$$00000000) refers (Special) to libinit2.o(.ARM.Collect$$libinit$$0000001D) for __rt_lib_init_signal_1
    libinit.o(.ARM.Collect$$libinit$$00000000) refers (Special) to libinit2.o(.ARM.Collect$$libinit$$00000025) for __rt_lib_init_stdio_1
    libinit.o(.ARM.Collect$$libinit$$00000000) refers (Special) to libinit2.o(.ARM.Collect$$libinit$$0000000C) for __rt_lib_init_user_alloc_1
    libspace.o(.text) refers to libspace.o(.bss) for __libspace_start
    rtexit.o(.ARM.Collect$$rtexit$$00000000) refers (Special) to rtexit2.o(.ARM.Collect$$rtexit$$00000004) for __rt_exit_exit
    rtexit.o(.ARM.Collect$$rtexit$$00000000) refers (Special) to rtexit2.o(.ARM.Collect$$rtexit$$00000003) for __rt_exit_ls
    rtexit.o(.ARM.Collect$$rtexit$$00000000) refers (Special) to rtexit2.o(.ARM.Collect$$rtexit$$00000002) for __rt_exit_prels_1
    rtexit.o(.ARM.exidx) refers (Special) to rtexit2.o(.ARM.Collect$$rtexit$$00000004) for __rt_exit_exit
    rtexit.o(.ARM.exidx) refers (Special) to rtexit2.o(.ARM.Collect$$rtexit$$00000003) for __rt_exit_ls
    rtexit.o(.ARM.exidx) refers (Special) to rtexit2.o(.ARM.Collect$$rtexit$$00000002) for __rt_exit_prels_1
    rtexit.o(.ARM.exidx) refers to rtexit.o(.ARM.Collect$$rtexit$$00000000) for .ARM.Collect$$rtexit$$00000000
    rt_raise.o(.text) refers to __raise.o(.text) for __raise
    rt_raise.o(.text) refers to retarget.o(i._sys_exit) for _sys_exit
    defsig_exit.o(.text) refers to retarget.o(i._sys_exit) for _sys_exit
    defsig_fpe_inner.o(.text) refers to defsig_general.o(.text) for __default_signal_display
    libinit2.o(.ARM.Collect$$libinit$$00000001) refers to fpinit.o(x$fpl$fpinit) for _fp_init
    libinit2.o(.ARM.Collect$$libinit$$00000010) refers to libinit2.o(.ARM.Collect$$libinit$$0000000F) for .ARM.Collect$$libinit$$0000000F
    libinit2.o(.ARM.Collect$$libinit$$00000012) refers to libinit2.o(.ARM.Collect$$libinit$$0000000F) for .ARM.Collect$$libinit$$0000000F
    libinit2.o(.ARM.Collect$$libinit$$00000014) refers to libinit2.o(.ARM.Collect$$libinit$$0000000F) for .ARM.Collect$$libinit$$0000000F
    libinit2.o(.ARM.Collect$$libinit$$00000016) refers to libinit2.o(.ARM.Collect$$libinit$$0000000F) for .ARM.Collect$$libinit$$0000000F
    libinit2.o(.ARM.Collect$$libinit$$00000018) refers to libinit2.o(.ARM.Collect$$libinit$$0000000F) for .ARM.Collect$$libinit$$0000000F
    libinit2.o(.ARM.Collect$$libinit$$00000026) refers to argv_veneer.o(.emb_text) for __ARM_argv_veneer
    libinit2.o(.ARM.Collect$$libinit$$00000027) refers to argv_veneer.o(.emb_text) for __ARM_argv_veneer
    rtexit2.o(.ARM.Collect$$rtexit$$00000003) refers to libshutdown.o(.ARM.Collect$$libshutdown$$00000000) for __rt_lib_shutdown
    rtexit2.o(.ARM.Collect$$rtexit$$00000004) refers to retarget.o(i._sys_exit) for _sys_exit
    rtexit2.o(.ARM.exidx) refers to rtexit2.o(.ARM.Collect$$rtexit$$00000001) for .ARM.Collect$$rtexit$$00000001
    rtexit2.o(.ARM.exidx) refers to rtexit2.o(.ARM.Collect$$rtexit$$00000003) for .ARM.Collect$$rtexit$$00000003
    rtexit2.o(.ARM.exidx) refers to rtexit2.o(.ARM.Collect$$rtexit$$00000004) for .ARM.Collect$$rtexit$$00000004
    __raise.o(.text) refers to __printf.o(i.__ARM_common_call_via_r2) for __ARM_common_call_via_r2
    __raise.o(.text) refers to defsig.o(CL$$defsig) for __default_signal_handler
    defsig_general.o(.text) refers to sys_wrch.o(.text) for _ttywrch
    argv_veneer.o(.emb_text) refers to no_argv.o(.text) for __ARM_get_argv
    sys_wrch.o(.text) refers (Special) to use_no_semi.o(.text) for __I$use$semihosting
    sys_wrch.o(.text) refers (Special) to indicate_semi.o(.text) for __semihosting_library_function
    defsig.o(CL$$defsig) refers to defsig_fpe_inner.o(.text) for __rt_SIGFPE_inner
    defsig.o(CL$$defsig) refers to defsig_rtmem_inner.o(.text) for __rt_SIGRTMEM_inner
    _get_argv_nomalloc.o(.text) refers (Special) to hrguard.o(.text) for __heap_region$guard
    _get_argv_nomalloc.o(.text) refers to defsig_rtmem_outer.o(.text) for __rt_SIGRTMEM
    _get_argv_nomalloc.o(.text) refers to sys_command.o(.text) for _sys_command_string
    libshutdown.o(.ARM.Collect$$libshutdown$$00000000) refers (Special) to libshutdown2.o(.ARM.Collect$$libshutdown$$00000006) for __rt_lib_shutdown_fp_trap_1
    libshutdown.o(.ARM.Collect$$libshutdown$$00000000) refers (Special) to libshutdown2.o(.ARM.Collect$$libshutdown$$0000000E) for __rt_lib_shutdown_heap_1
    libshutdown.o(.ARM.Collect$$libshutdown$$00000000) refers (Special) to libshutdown2.o(.ARM.Collect$$libshutdown$$0000000F) for __rt_lib_shutdown_return
    libshutdown.o(.ARM.Collect$$libshutdown$$00000000) refers (Special) to libshutdown2.o(.ARM.Collect$$libshutdown$$00000009) for __rt_lib_shutdown_signal_1
    libshutdown.o(.ARM.Collect$$libshutdown$$00000000) refers (Special) to libshutdown2.o(.ARM.Collect$$libshutdown$$00000003) for __rt_lib_shutdown_stdio_1
    libshutdown.o(.ARM.Collect$$libshutdown$$00000000) refers (Special) to libshutdown2.o(.ARM.Collect$$libshutdown$$0000000B) for __rt_lib_shutdown_user_alloc_1
    sys_command.o(.text) refers (Special) to use_no_semi.o(.text) for __I$use$semihosting
    sys_command.o(.text) refers (Special) to indicate_semi.o(.text) for __semihosting_library_function
    defsig_abrt_inner.o(.text) refers to defsig_general.o(.text) for __default_signal_display
    defsig_rtred_inner.o(.text) refers to defsig_general.o(.text) for __default_signal_display
    defsig_rtmem_inner.o(.text) refers to defsig_general.o(.text) for __default_signal_display
    defsig_rtmem_outer.o(.text) refers to defsig_rtmem_inner.o(.text) for __rt_SIGRTMEM_inner
    defsig_rtmem_outer.o(.text) refers to defsig_exit.o(.text) for __sig_exit
    defsig_rtmem_formal.o(.text) refers to rt_raise.o(.text) for __rt_raise
    defsig_stak_inner.o(.text) refers to defsig_general.o(.text) for __default_signal_display
    defsig_pvfn_inner.o(.text) refers to defsig_general.o(.text) for __default_signal_display
    defsig_cppl_inner.o(.text) refers to defsig_general.o(.text) for __default_signal_display
    defsig_segv_inner.o(.text) refers to defsig_general.o(.text) for __default_signal_display
    defsig_other.o(.text) refers to defsig_general.o(.text) for __default_signal_display


==============================================================================

Removing Unused input sections from the image.

    Removing debug_printf.o(i.myputchar), (32 bytes).
    Removing datalogger.o(i.data_log), (34 bytes).
    Removing datalogger.o(i.delay), (2 bytes).
    Removing datalogger.o(.data), (4 bytes).
    Removing datalogger.o(.data), (4 bytes).
    Removing datalogger.o(.data), (4 bytes).
    Removing aduc702x_spi.o(i.if_setPos), (4 bytes).
    Removing aduc702x_spi.o(i.if_spiInit), (92 bytes).
    Removing aduc702x_spi.o(i.if_spiSetSpeed), (16 bytes).
    Removing xl345_io_bb.o(i.I2C_DELAY_M), (2 bytes).
    Removing xl345_io_bb.o(i.I2C_READ), (72 bytes).
    Removing xl345_io_bb.o(i.I2C_START), (36 bytes).
    Removing xl345_io_bb.o(i.I2C_STOP), (48 bytes).
    Removing xl345_io_bb.o(.data), (4 bytes).
    Removing ui.o(i.listFiles), (258 bytes).
    Removing ui.o(i.rmfile), (124 bytes).
    Removing file.o(i.file_fread), (236 bytes).
    Removing file.o(i.file_getAttr), (12 bytes).
    Removing file.o(i.file_initFile), (46 bytes).
    Removing file.o(i.file_read), (30 bytes).
    Removing file.o(i.file_requiredCluster), (106 bytes).
    Removing file.o(i.file_setAttr), (22 bytes).
    Removing file.o(i.file_setpos), (18 bytes).
    Removing file.o(i.file_validateChar), (64 bytes).
    Removing fs.o(i.fs_countDataSectors), (82 bytes).
    Removing fs.o(i.fs_determineFatType), (60 bytes).
    Removing fs.o(i.fs_findFirstSectorRootDir), (44 bytes).
    Removing fs.o(i.fs_flushFs), (18 bytes).
    Removing fs.o(i.fs_getFirstClusterRootDir), (16 bytes).
    Removing fs.o(i.fs_getFsInfo), (124 bytes).
    Removing fs.o(i.fs_initCurrentDir), (18 bytes).
    Removing fs.o(i.fs_isValidFat), (56 bytes).
    Removing fs.o(i.fs_loadVolumeId), (118 bytes).
    Removing fs.o(i.fs_sectorToCluster), (54 bytes).
    Removing fs.o(i.fs_setFsInfo), (112 bytes).
    Removing sd.o(i.sd_Resp16b), (44 bytes).
    Removing sd.o(i.sd_Resp8b), (32 bytes).
    Removing sd.o(i.sd_Resp8bError), (2 bytes).
    Removing dir.o(i.dir_findFileinBuf), (108 bytes).
    Removing dir.o(i.dir_findFreeEntryinBuf), (80 bytes).
    Removing dir.o(i.dir_findinBuf), (180 bytes).
    Removing dir.o(i.dir_findinCluster), (282 bytes).
    Removing disc.o(i.disc_loadMBR), (60 bytes).
    Removing extract.o(i.ex_setPartitionField), (2 bytes).
    Removing extract.o(i.ex_setb16), (10 bytes).
    Removing extract.o(i.ex_setb32), (18 bytes).
    Removing fat.o(i.fat_DiscToLogicCluster), (60 bytes).
    Removing fat.o(i.fat_countFreeClusters), (198 bytes).
    Removing fat.o(i.fat_isEocMarker), (60 bytes).
    Removing fat.o(i.fat_unlinkClusterChain), (74 bytes).
    Removing ioman.o(i.ioman_decRefCnt), (28 bytes).
    Removing ioman.o(i.ioman_decUseCnt), (28 bytes).
    Removing ioman.o(i.ioman_directSectorRead), (218 bytes).
    Removing ioman.o(i.ioman_findFreeSpot), (52 bytes).
    Removing ioman.o(i.ioman_findOverallocableSpot), (150 bytes).
    Removing ioman.o(i.ioman_findSectorInCache), (62 bytes).
    Removing ioman.o(i.ioman_flushAll), (100 bytes).
    Removing ioman.o(i.ioman_getAttr), (28 bytes).
    Removing ioman.o(i.ioman_getBp), (40 bytes).
    Removing ioman.o(i.ioman_getBuffer), (4 bytes).
    Removing ioman.o(i.ioman_getPtr), (22 bytes).
    Removing ioman.o(i.ioman_getRefCnt), (22 bytes).
    Removing ioman.o(i.ioman_getUseCnt), (22 bytes).
    Removing ioman.o(i.ioman_incRefCnt), (28 bytes).
    Removing ioman.o(i.ioman_incUseCnt), (28 bytes).
    Removing ioman.o(i.ioman_pop), (84 bytes).
    Removing ioman.o(i.ioman_printStatus), (28 bytes).
    Removing ioman.o(i.ioman_push), (94 bytes).
    Removing ioman.o(i.ioman_readSector), (42 bytes).
    Removing ioman.o(i.ioman_reset), (112 bytes).
    Removing ioman.o(i.ioman_resetCacheItem), (32 bytes).
    Removing ioman.o(i.ioman_resetRefCnt), (22 bytes).
    Removing ioman.o(i.ioman_resetUseCnt), (22 bytes).
    Removing ioman.o(i.ioman_writeSector), (50 bytes).
    Removing partition.o(i.part_directSectorRead), (28 bytes).
    Removing partition.o(i.part_getRealLBA), (16 bytes).
    Removing partition.o(i.part_isFatPart), (32 bytes).
    Removing partition.o(i.part_readBuf), (30 bytes).
    Removing partition.o(i.part_writeBuf), (30 bytes).
    Removing plibc.o(i.memSet), (16 bytes).
    Removing time.o(i.fs_makeDate), (4 bytes).
    Removing time.o(i.fs_makeTime), (4 bytes).

82 unused section(s) (total 4660 bytes) removed from the image.

==============================================================================

Adding Veneers to the image

    Adding TA veneer (4 bytes, Inline) for call to '_printf_percent' from __printf_flags_wp.o(.text).
    Adding AT veneer (8 bytes, Inline) for call to '__rt_lib_init' from __rtentry2.o(.ARM.Collect$$rtentry$$0000000A).
    Adding AT veneer (8 bytes, Inline) for call to '__rt_lib_shutdown' from rtexit2.o(.ARM.Collect$$rtexit$$00000003).
    Adding TA veneer (4 bytes, Inline) for call to '__rt_exit' from exit.o(.text).
    Adding AT veneer (8 bytes, Inline) for call to '_printf_int_dec' from _printf_d.o(.ARM.Collect$$_printf_percent$$00000009).
    Adding TA veneer (4 bytes, Inline) for call to '__aeabi_memset' from file.o(i.file_normalToFatName).
    Adding TA veneer (4 bytes, Inline) for call to '__aeabi_memclr4' from datalogger.o(i.InitFs).
    Adding TA veneer (4 bytes, Inline) for call to '__aeabi_idivmod' from fs.o(i.fs_initFs).
    Adding AT veneer (8 bytes, Inline) for call to '_printf_string' from _printf_s.o(.ARM.Collect$$_printf_percent$$00000014).
    Adding TA veneer (4 bytes, Inline) for call to '__rt_udiv10' from _printf_dec.o(.text).
    Adding TA veneer (4 bytes, Inline) for call to '__aeabi_uidivmod' from debug_printf.o(i.debug_printf).
    Adding AT veneer (8 bytes, Inline) for call to '_sys_exit' from rtexit2.o(.ARM.Collect$$rtexit$$00000004).
    Adding AT veneer (8 bytes, Inline) for call to 'debug_printf' from datalogger.o(i.DAbt_Handler).
    Adding AT veneer (8 bytes, Inline) for call to 'greenLight' from datalogger.o(i.DAbt_Handler).
    Adding AT veneer (8 bytes, Inline) for call to 'redLight' from datalogger.o(i.DAbt_Handler).
    Adding AT veneer (8 bytes, Inline) for call to 'xl345Read' from datalogger.o(i.IRQ_Handler).

16 Veneer(s) (total 100 bytes) added to the image.

==============================================================================

Image Symbol Table

    Local Symbols

    Symbol Name                              Value     Ov Type        Size  Object(Section)

    ../clib/angel/boardlib.s                 0x00000000   Number         0  boardshut.o ABSOLUTE
    ../clib/angel/boardlib.s                 0x00000000   Number         0  boardinit1.o ABSOLUTE
    ../clib/angel/boardlib.s                 0x00000000   Number         0  boardinit2.o ABSOLUTE
    ../clib/angel/boardlib.s                 0x00000000   Number         0  boardinit3.o ABSOLUTE
    ../clib/angel/handlers.s                 0x00000000   Number         0  __scatter_zi.o ABSOLUTE
    ../clib/angel/handlers.s                 0x00000000   Number         0  __scatter_copy.o ABSOLUTE
    ../clib/angel/kernel.s                   0x00000000   Number         0  __rtentry.o ABSOLUTE
    ../clib/angel/kernel.s                   0x00000000   Number         0  rtexit2.o ABSOLUTE
    ../clib/angel/kernel.s                   0x00000000   Number         0  __rtentry4.o ABSOLUTE
    ../clib/angel/kernel.s                   0x00000000   Number         0  rtexit.o ABSOLUTE
    ../clib/angel/kernel.s                   0x00000000   Number         0  __rtentry2.o ABSOLUTE
    ../clib/angel/rt.s                       0x00000000   Number         0  aeabi_idiv0_sigfpe.o ABSOLUTE
    ../clib/angel/rt.s                       0x00000000   Number         0  aeabi_idiv0.o ABSOLUTE
    ../clib/angel/rt.s                       0x00000000   Number         0  rt_div0.o ABSOLUTE
    ../clib/angel/rt.s                       0x00000000   Number         0  rt_raise.o ABSOLUTE
    ../clib/angel/scatter.s                  0x00000000   Number         0  __scatter.o ABSOLUTE
    ../clib/angel/startup.s                  0x00000000   Number         0  __main.o ABSOLUTE
    ../clib/angel/sys.s                      0x00000000   Number         0  indicate_semi.o ABSOLUTE
    ../clib/angel/sys.s                      0x00000000   Number         0  use_no_semi.o ABSOLUTE
    ../clib/angel/sys.s                      0x00000000   Number         0  sys_stackheap_outer.o ABSOLUTE
    ../clib/angel/sys.s                      0x00000000   Number         0  libspace.o ABSOLUTE
    ../clib/angel/sysapp.c                   0x00000000   Number         0  sys_wrch.o ABSOLUTE
    ../clib/angel/sysapp.c                   0x00000000   Number         0  sys_command.o ABSOLUTE
    ../clib/armsys.c                         0x00000000   Number         0  _get_argv_nomalloc.o ABSOLUTE
    ../clib/armsys.c                         0x00000000   Number         0  no_argv.o ABSOLUTE
    ../clib/armsys.c                         0x00000000   Number         0  argv_veneer.o ABSOLUTE
    ../clib/armsys.c                         0x00000000   Number         0  argv_veneer.o ABSOLUTE
    ../clib/division.s                       0x00000000   Number         0  aeabi_sdivfast.o ABSOLUTE
    ../clib/division.s                       0x00000000   Number         0  rtudiv10.o ABSOLUTE
    ../clib/division.s                       0x00000000   Number         0  aeabi_sdivfast_div0.o ABSOLUTE
    ../clib/divrt.s                          0x00000000   Number         0  divrt_7tdmi.o ABSOLUTE
    ../clib/divrt.s                          0x00000000   Number         0  divrt_7tdmi_div0.o ABSOLUTE
    ../clib/heapalloc.c                      0x00000000   Number         0  hrguard.o ABSOLUTE
    ../clib/heapaux.c                        0x00000000   Number         0  heapauxi.o ABSOLUTE
    ../clib/libinit.s                        0x00000000   Number         0  libshutdown.o ABSOLUTE
    ../clib/libinit.s                        0x00000000   Number         0  libinit2.o ABSOLUTE
    ../clib/libinit.s                        0x00000000   Number         0  libshutdown2.o ABSOLUTE
    ../clib/libinit.s                        0x00000000   Number         0  libinit.o ABSOLUTE
    ../clib/memcpset.s                       0x00000000   Number         0  aeabi_memset.o ABSOLUTE
    ../clib/memcpset.s                       0x00000000   Number         0  rt_memclr_w.o ABSOLUTE
    ../clib/memcpset.s                       0x00000000   Number         0  rt_memclr.o ABSOLUTE
    ../clib/misc.s                           0x00000000   Number         0  printf_stubs.o ABSOLUTE
    ../clib/printf.c                         0x00000000   Number         0  _printf_dec.o ABSOLUTE
    ../clib/printf.c                         0x00000000   Number         0  _printf_str.o ABSOLUTE
    ../clib/printf.c                         0x00000000   Number         0  _printf_pad.o ABSOLUTE
    ../clib/printf.c                         0x00000000   Number         0  __printf.o ABSOLUTE
    ../clib/printf.c                         0x00000000   Number         0  noretval__2snprintf.o ABSOLUTE
    ../clib/printf.c                         0x00000000   Number         0  __2snprintf.o ABSOLUTE
    ../clib/printf.c                         0x00000000   Number         0  __printf_nopercent.o ABSOLUTE
    ../clib/printf.c                         0x00000000   Number         0  __printf_flags_ss_wp.o ABSOLUTE
    ../clib/printf.c                         0x00000000   Number         0  __printf_flags_ss.o ABSOLUTE
    ../clib/printf.c                         0x00000000   Number         0  __printf_ss_wp.o ABSOLUTE
    ../clib/printf.c                         0x00000000   Number         0  __printf_flags_wp.o ABSOLUTE
    ../clib/printf.c                         0x00000000   Number         0  __printf_wp.o ABSOLUTE
    ../clib/printf.c                         0x00000000   Number         0  _printf_char.o ABSOLUTE
    ../clib/printf.c                         0x00000000   Number         0  __printf_ss.o ABSOLUTE
    ../clib/printf.c                         0x00000000   Number         0  _snputc.o ABSOLUTE
    ../clib/printf.c                         0x00000000   Number         0  __printf_flags.o ABSOLUTE
    ../clib/printf.c                         0x00000000   Number         0  _sputc.o ABSOLUTE
    ../clib/printf.c                         0x00000000   Number         0  _printf_char_common.o ABSOLUTE
    ../clib/printf.c                         0x00000000   Number         0  _printf_intcommon.o ABSOLUTE
    ../clib/printf_percent.s                 0x00000000   Number         0  _printf_d.o ABSOLUTE
    ../clib/printf_percent.s                 0x00000000   Number         0  _printf_percent.o ABSOLUTE
    ../clib/printf_percent.s                 0x00000000   Number         0  _printf_s.o ABSOLUTE
    ../clib/printf_percent.s                 0x00000000   Number         0  _printf_percent_end.o ABSOLUTE
    ../clib/signal.c                         0x00000000   Number         0  defsig_rtmem_outer.o ABSOLUTE
    ../clib/signal.c                         0x00000000   Number         0  defsig_rtmem_formal.o ABSOLUTE
    ../clib/signal.c                         0x00000000   Number         0  defsig_stak_inner.o ABSOLUTE
    ../clib/signal.c                         0x00000000   Number         0  defsig_pvfn_inner.o ABSOLUTE
    ../clib/signal.c                         0x00000000   Number         0  defsig_cppl_inner.o ABSOLUTE
    ../clib/signal.c                         0x00000000   Number         0  defsig_segv_inner.o ABSOLUTE
    ../clib/signal.c                         0x00000000   Number         0  defsig_fpe_inner.o ABSOLUTE
    ../clib/signal.c                         0x00000000   Number         0  __raise.o ABSOLUTE
    ../clib/signal.c                         0x00000000   Number         0  defsig_exit.o ABSOLUTE
    ../clib/signal.c                         0x00000000   Number         0  defsig_other.o ABSOLUTE
    ../clib/signal.c                         0x00000000   Number         0  defsig_general.o ABSOLUTE
    ../clib/signal.c                         0x00000000   Number         0  defsig_abrt_inner.o ABSOLUTE
    ../clib/signal.c                         0x00000000   Number         0  defsig_rtred_inner.o ABSOLUTE
    ../clib/signal.c                         0x00000000   Number         0  defsig_rtmem_inner.o ABSOLUTE
    ../clib/signal.c                         0x00000000   Number         0  defsig_fpe_formal.o ABSOLUTE
    ../clib/signal.c                         0x00000000   Number         0  defsig_fpe_outer.o ABSOLUTE
    ../clib/signal.s                         0x00000000   Number         0  defsig.o ABSOLUTE
    ../clib/stdlib.c                         0x00000000   Number         0  exit.o ABSOLUTE
    ../clib/string.c                         0x00000000   Number         0  strlen.o ABSOLUTE
    ../fplib/fpinit.s                        0x00000000   Number         0  fpinit.o ABSOLUTE
    ADuC702x.s                               0x00000000   Number         0  aduc702x.o ABSOLUTE
    Retarget.c                               0x00000000   Number         0  retarget.o ABSOLUTE
    datalogger.c                             0x00000000   Number         0  datalogger.o ABSOLUTE
    dc.s                                     0x00000000   Number         0  dc.o ABSOLUTE
    debug_printf.c                           0x00000000   Number         0  debug_printf.o ABSOLUTE
    efsl-0.2.8\src\interfaces\aduc702x_spi.c 0x00000000   Number         0  aduc702x_spi.o ABSOLUTE
    src\dir.c                                0x00000000   Number         0  dir.o ABSOLUTE
    src\disc.c                               0x00000000   Number         0  disc.o ABSOLUTE
    src\efs.c                                0x00000000   Number         0  efs.o ABSOLUTE
    src\extract.c                            0x00000000   Number         0  extract.o ABSOLUTE
    src\fat.c                                0x00000000   Number         0  fat.o ABSOLUTE
    src\file.c                               0x00000000   Number         0  file.o ABSOLUTE
    src\fs.c                                 0x00000000   Number         0  fs.o ABSOLUTE
    src\interfaces\sd.c                      0x00000000   Number         0  sd.o ABSOLUTE
    src\ioman.c                              0x00000000   Number         0  ioman.o ABSOLUTE
    src\partition.c                          0x00000000   Number         0  partition.o ABSOLUTE
    src\plibc.c                              0x00000000   Number         0  plibc.o ABSOLUTE
    src\time.c                               0x00000000   Number         0  time.o ABSOLUTE
    src\ui.c                                 0x00000000   Number         0  ui.o ABSOLUTE
    xl345_io_bb.c                            0x00000000   Number         0  xl345_io_bb.o ABSOLUTE
    .data                                    0x00010000   Section       24  datalogger.o(.data)
    .bss                                     0x00010018   Section     2456  datalogger.o(.bss)
    .bss                                     0x000109b0   Section       96  libspace.o(.bss)
    HEAP                                     0x00010a10   Section        0  aduc702x.o(HEAP)
    STACK                                    0x00010a10   Section     2828  aduc702x.o(STACK)
    Heap_Mem                                 0x00010a10   Data           0  aduc702x.o(HEAP)
    Stack_Mem                                0x00010a10   Data        2560  aduc702x.o(STACK)
    Stack_Top                                0x0001151c   Data           0  aduc702x.o(STACK)
    RESET                                    0x00080000   Section      188  aduc702x.o(RESET)
    !!!main                                  0x000800bc   Section        8  __main.o(!!!main)
    !!!scatter                               0x000800c4   Section       60  __scatter.o(!!!scatter)
    !!handler_copy                           0x00080100   Section       40  __scatter_copy.o(!!handler_copy)
    !!handler_zi                             0x00080128   Section       44  __scatter_zi.o(!!handler_zi)
    .ARM.Collect$$_printf_percent$$00000000  0x00080158   Section        0  _printf_percent.o(.ARM.Collect$$_printf_percent$$00000000)
    .ARM.Collect$$_printf_percent$$00000009  0x00080158   Section        8  _printf_d.o(.ARM.Collect$$_printf_percent$$00000009)
    .ARM.Collect$$_printf_percent$$00000014  0x00080160   Section        8  _printf_s.o(.ARM.Collect$$_printf_percent$$00000014)
    .ARM.Collect$$_printf_percent$$00000017  0x00080168   Section        8  _printf_percent_end.o(.ARM.Collect$$_printf_percent$$00000017)
    .ARM.Collect$$libinit$$00000000          0x00080178   Section        2  libinit.o(.ARM.Collect$$libinit$$00000000)
    .ARM.Collect$$libinit$$00000002          0x0008017a   Section        0  libinit2.o(.ARM.Collect$$libinit$$00000002)
    .ARM.Collect$$libinit$$00000004          0x0008017a   Section        0  libinit2.o(.ARM.Collect$$libinit$$00000004)
    .ARM.Collect$$libinit$$0000000A          0x0008017a   Section        0  libinit2.o(.ARM.Collect$$libinit$$0000000A)
    .ARM.Collect$$libinit$$0000000C          0x0008017a   Section        0  libinit2.o(.ARM.Collect$$libinit$$0000000C)
    .ARM.Collect$$libinit$$0000000E          0x0008017a   Section        0  libinit2.o(.ARM.Collect$$libinit$$0000000E)
    .ARM.Collect$$libinit$$00000011          0x0008017a   Section        0  libinit2.o(.ARM.Collect$$libinit$$00000011)
    .ARM.Collect$$libinit$$00000013          0x0008017a   Section        0  libinit2.o(.ARM.Collect$$libinit$$00000013)
    .ARM.Collect$$libinit$$00000015          0x0008017a   Section        0  libinit2.o(.ARM.Collect$$libinit$$00000015)
    .ARM.Collect$$libinit$$00000017          0x0008017a   Section        0  libinit2.o(.ARM.Collect$$libinit$$00000017)
    .ARM.Collect$$libinit$$00000019          0x0008017a   Section        0  libinit2.o(.ARM.Collect$$libinit$$00000019)
    .ARM.Collect$$libinit$$0000001B          0x0008017a   Section        0  libinit2.o(.ARM.Collect$$libinit$$0000001B)
    .ARM.Collect$$libinit$$0000001D          0x0008017a   Section        0  libinit2.o(.ARM.Collect$$libinit$$0000001D)
    .ARM.Collect$$libinit$$0000001F          0x0008017a   Section        0  libinit2.o(.ARM.Collect$$libinit$$0000001F)
    .ARM.Collect$$libinit$$00000021          0x0008017a   Section        0  libinit2.o(.ARM.Collect$$libinit$$00000021)
    .ARM.Collect$$libinit$$00000023          0x0008017a   Section        0  libinit2.o(.ARM.Collect$$libinit$$00000023)
    .ARM.Collect$$libinit$$00000025          0x0008017a   Section        0  libinit2.o(.ARM.Collect$$libinit$$00000025)
    .ARM.Collect$$libinit$$0000002C          0x0008017a   Section        0  libinit2.o(.ARM.Collect$$libinit$$0000002C)
    .ARM.Collect$$libinit$$0000002E          0x0008017a   Section        0  libinit2.o(.ARM.Collect$$libinit$$0000002E)
    .ARM.Collect$$libinit$$00000030          0x0008017a   Section        0  libinit2.o(.ARM.Collect$$libinit$$00000030)
    .ARM.Collect$$libinit$$00000032          0x0008017a   Section        0  libinit2.o(.ARM.Collect$$libinit$$00000032)
    .ARM.Collect$$libinit$$00000033          0x0008017a   Section       12  libinit2.o(.ARM.Collect$$libinit$$00000033)
    .ARM.Collect$$libshutdown$$00000000      0x00080190   Section        4  libshutdown.o(.ARM.Collect$$libshutdown$$00000000)
    .ARM.Collect$$libshutdown$$00000003      0x00080194   Section        0  libshutdown2.o(.ARM.Collect$$libshutdown$$00000003)
    .ARM.Collect$$libshutdown$$00000006      0x00080194   Section        0  libshutdown2.o(.ARM.Collect$$libshutdown$$00000006)
    .ARM.Collect$$libshutdown$$00000009      0x00080194   Section        0  libshutdown2.o(.ARM.Collect$$libshutdown$$00000009)
    .ARM.Collect$$libshutdown$$0000000B      0x00080194   Section        0  libshutdown2.o(.ARM.Collect$$libshutdown$$0000000B)
    .ARM.Collect$$libshutdown$$0000000E      0x00080194   Section        0  libshutdown2.o(.ARM.Collect$$libshutdown$$0000000E)
    .ARM.Collect$$libshutdown$$0000000F      0x00080194   Section        6  libshutdown2.o(.ARM.Collect$$libshutdown$$0000000F)
    .ARM.Collect$$rtentry$$00000000          0x0008019c   Section        0  __rtentry.o(.ARM.Collect$$rtentry$$00000000)
    .ARM.Collect$$rtentry$$00000002          0x0008019c   Section        0  __rtentry2.o(.ARM.Collect$$rtentry$$00000002)
    .ARM.Collect$$rtentry$$00000004          0x0008019c   Section        8  __rtentry4.o(.ARM.Collect$$rtentry$$00000004)
    .ARM.Collect$$rtentry$$00000009          0x000801a4   Section        0  __rtentry2.o(.ARM.Collect$$rtentry$$00000009)
    .ARM.Collect$$rtentry$$0000000A          0x000801a4   Section        4  __rtentry2.o(.ARM.Collect$$rtentry$$0000000A)
    .ARM.Collect$$rtentry$$0000000C          0x000801a8   Section        0  __rtentry2.o(.ARM.Collect$$rtentry$$0000000C)
    .ARM.Collect$$rtentry$$0000000D          0x000801a8   Section       40  __rtentry2.o(.ARM.Collect$$rtentry$$0000000D)
    .ARM.Collect$$rtexit$$00000000           0x000801d4   Section        4  rtexit.o(.ARM.Collect$$rtexit$$00000000)
    .ARM.Collect$$rtexit$$00000002           0x000801d8   Section        0  rtexit2.o(.ARM.Collect$$rtexit$$00000002)
    .ARM.Collect$$rtexit$$00000003           0x000801d8   Section        4  rtexit2.o(.ARM.Collect$$rtexit$$00000003)
    .ARM.Collect$$rtexit$$00000004           0x000801dc   Section        8  rtexit2.o(.ARM.Collect$$rtexit$$00000004)
    .text                                    0x000801e4   Section       32  aduc702x.o(.text)
    .text                                    0x00080204   Section        4  use_no_semi.o(.text)
    .text                                    0x00080208   Section        0  noretval__2snprintf.o(.text)
    .text                                    0x00080240   Section        0  _printf_pad.o(.text)
    .text                                    0x00080296   Section        0  _printf_str.o(.text)
    .text                                    0x000802f8   Section        0  _printf_dec.o(.text)
    .text                                    0x00080368   Section        0  __printf_flags_wp.o(.text)
    .text                                    0x000804b0   Section        0  strlen.o(.text)
    .text                                    0x000804f8   Section       16  aeabi_memset.o(.text)
    .text                                    0x0008050c   Section       84  rt_memclr_w.o(.text)
    .text                                    0x00080564   Section      556  aeabi_sdivfast.o(.text)
    __arm_div_large_positive                 0x00080598   ARM Code       0  aeabi_sdivfast.o(.text)
    __arm_div16                              0x000805c0   ARM Code       0  aeabi_sdivfast.o(.text)
    __arm_div12                              0x000805f0   ARM Code       0  aeabi_sdivfast.o(.text)
    __arm_div8                               0x00080624   ARM Code       0  aeabi_sdivfast.o(.text)
    __arm_div5                               0x00080648   ARM Code       0  aeabi_sdivfast.o(.text)
    __arm_div2                               0x0008066c   ARM Code       0  aeabi_sdivfast.o(.text)
    .text                                    0x00080790   Section        0  heapauxi.o(.text)
    .text                                    0x00080796   Section        0  _printf_intcommon.o(.text)
    .text                                    0x00080850   Section        0  _printf_char_common.o(.text)
    _printf_input_char                       0x00080851   Thumb Code    10  _printf_char_common.o(.text)
    .text                                    0x00080880   Section        0  _sputc.o(.text)
    .text                                    0x0008088a   Section        0  _snputc.o(.text)
    .text                                    0x000808a4   Section        0  _printf_char.o(.text)
    .text                                    0x000808d8   Section       64  rt_memclr.o(.text)
    .text                                    0x0008091c   Section       44  rtudiv10.o(.text)
    .text                                    0x00080948   Section       96  sys_stackheap_outer.o(.text)
    .text                                    0x000809a8   Section        0  exit.o(.text)
    .text                                    0x000809b4   Section       12  libspace.o(.text)
    .text_udiv                               0x000809c4   Section       48  aeabi_sdivfast.o(.text_udiv)
    i.DAbt_Handler                           0x000809f4   Section        0  datalogger.o(i.DAbt_Handler)
    i.FIQ_Handler                            0x00080a1c   Section        0  datalogger.o(i.FIQ_Handler)
    i.I2C_WRITE                              0x00080a40   Section        0  xl345_io_bb.o(i.I2C_WRITE)
    i.IRQ_Handler                            0x00080aa8   Section        0  datalogger.o(i.IRQ_Handler)
    i.InitFs                                 0x00080b94   Section        0  datalogger.o(i.InitFs)
    i.Initialize                             0x00080e94   Section        0  datalogger.o(i.Initialize)
    i.PAbt_Handler                           0x00080f88   Section        0  datalogger.o(i.PAbt_Handler)
    i.SWI_Handler                            0x00080fb0   Section        0  datalogger.o(i.SWI_Handler)
    i.SensorLoop                             0x00080fd4   Section        0  datalogger.o(i.SensorLoop)
    i.UART_Config                            0x00081478   Section        0  debug_printf.o(i.UART_Config)
    i.Undef_Handler                          0x000814a0   Section        0  datalogger.o(i.Undef_Handler)
    i.__ARM_common_call_via_r1               0x000814c8   Section        0  __printf.o(i.__ARM_common_call_via_r1)
    i.__ARM_common_call_via_r2               0x000814ca   Section        0  __printf.o(i.__ARM_common_call_via_r2)
    i._is_digit                              0x000814cc   Section        0  __printf_wp.o(i._is_digit)
    i._sys_exit                              0x000814e4   Section        0  retarget.o(i._sys_exit)
    i.debug_printf                           0x000814f0   Section        0  debug_printf.o(i.debug_printf)
    i.dir_addCluster                         0x000816b8   Section        0  dir.o(i.dir_addCluster)
    i.dir_createDefaultEntry                 0x000816fa   Section        0  dir.o(i.dir_createDefaultEntry)
    i.dir_createDirectoryEntry               0x00081724   Section        0  dir.o(i.dir_createDirectoryEntry)
    i.dir_findinDir                          0x00081754   Section        0  dir.o(i.dir_findinDir)
    i.dir_findinRootArea                     0x000818bc   Section        0  dir.o(i.dir_findinRootArea)
    i.dir_getFatFileName                     0x000819f2   Section        0  dir.o(i.dir_getFatFileName)
    i.dir_getFileStructure                   0x00081a4a   Section        0  dir.o(i.dir_getFileStructure)
    i.dir_setFileSize                        0x00081a7a   Section        0  dir.o(i.dir_setFileSize)
    i.dir_setFirstCluster                    0x00081aa2   Section        0  dir.o(i.dir_setFirstCluster)
    i.dir_updateDirectoryEntry               0x00081ad4   Section        0  dir.o(i.dir_updateDirectoryEntry)
    i.disc_initDisc                          0x00081b06   Section        0  disc.o(i.disc_initDisc)
    i.efs_init                               0x00081b46   Section        0  efs.o(i.efs_init)
    i.ex_getPartitionField                   0x00081bc4   Section        0  extract.o(i.ex_getPartitionField)
    i.ex_getb16                              0x00081c18   Section        0  extract.o(i.ex_getb16)
    i.ex_getb32                              0x00081c28   Section        0  extract.o(i.ex_getb32)
    i.fat_LogicToDiscCluster                 0x00081c40   Section        0  fat.o(i.fat_LogicToDiscCluster)
    i.fat_allocClusterChain                  0x00081d58   Section        0  fat.o(i.fat_allocClusterChain)
    i.fat_countClustersInChain               0x00081ed4   Section        0  fat.o(i.fat_countClustersInChain)
    i.fat_getNextClusterAddress              0x00081f12   Section        0  fat.o(i.fat_getNextClusterAddress)
    i.fat_getNextClusterAddressWBuf          0x00081fb2   Section        0  fat.o(i.fat_getNextClusterAddressWBuf)
    i.fat_getNextClusterChain                0x00082034   Section        0  fat.o(i.fat_getNextClusterChain)
    i.fat_getSectorAddressFatEntry           0x00082110   Section        0  fat.o(i.fat_getSectorAddressFatEntry)
    i.fat_giveEocMarker                      0x00082148   Section        0  fat.o(i.fat_giveEocMarker)
    i.fat_setNextClusterAddress              0x00082174   Section        0  fat.o(i.fat_setNextClusterAddress)
    i.fat_setNextClusterAddressWBuf          0x00082256   Section        0  fat.o(i.fat_setNextClusterAddressWBuf)
    i.file_fclose                            0x00082324   Section        0  file.o(i.file_fclose)
    i.file_fopen                             0x00082384   Section        0  file.o(i.file_fopen)
    i.file_fwrite                            0x00082644   Section        0  file.o(i.file_fwrite)
    i.file_normalToFatName                   0x000827d2   Section        0  file.o(i.file_normalToFatName)
    i.file_write                             0x000828e0   Section        0  file.o(i.file_write)
    i.fs_clearCluster                        0x000828fe   Section        0  fs.o(i.fs_clearCluster)
    i.fs_clusterToSector                     0x00082966   Section        0  fs.o(i.fs_clusterToSector)
    i.fs_findFile                            0x0008298c   Section        0  fs.o(i.fs_findFile)
    i.fs_findFreeFile                        0x00082a66   Section        0  fs.o(i.fs_findFreeFile)
    i.fs_getLastCluster                      0x00082ad4   Section        0  fs.o(i.fs_getLastCluster)
    i.fs_getNextFreeCluster                  0x00082b14   Section        0  fs.o(i.fs_getNextFreeCluster)
    i.fs_giveFreeClusterHint                 0x00082b46   Section        0  fs.o(i.fs_giveFreeClusterHint)
    i.fs_hasTimeSupport                      0x00082b4a   Section        0  time.o(i.fs_hasTimeSupport)
    i.fs_initClusterChain                    0x00082b4e   Section        0  fs.o(i.fs_initClusterChain)
    i.fs_initFs                              0x00082b60   Section        0  fs.o(i.fs_initFs)
    i.fs_setFirstClusterInDirEntry           0x00082cbc   Section        0  fs.o(i.fs_setFirstClusterInDirEntry)
    i.fs_umount                              0x00082cc4   Section        0  fs.o(i.fs_umount)
    i.fs_verifySanity                        0x00082cd6   Section        0  fs.o(i.fs_verifySanity)
    i.greenLight                             0x00082d6c   Section        0  datalogger.o(i.greenLight)
    i.i2cinit                                0x00082d84   Section        0  xl345_io_bb.o(i.i2cinit)
    i.if_initInterface                       0x00082da0   Section        0  aduc702x_spi.o(i.if_initInterface)
    i.if_readBuf                             0x00082e48   Section        0  aduc702x_spi.o(i.if_readBuf)
    i.if_spiSend                             0x00082e58   Section        0  aduc702x_spi.o(i.if_spiSend)
    i.if_writeBuf                            0x00082e7c   Section        0  aduc702x_spi.o(i.if_writeBuf)
    i.ioman_directSectorWrite                0x00082e88   Section        0  ioman.o(i.ioman_directSectorWrite)
    i.ioman_findUnusedSpot                   0x00082fba   Section        0  ioman.o(i.ioman_findUnusedSpot)
    i.ioman_flushRange                       0x0008307a   Section        0  ioman.o(i.ioman_flushRange)
    i.ioman_flushSector                      0x000830fc   Section        0  ioman.o(i.ioman_flushSector)
    i.ioman_getSector                        0x0008317a   Section        0  ioman.o(i.ioman_getSector)
    i.ioman_init                             0x000834a8   Section        0  ioman.o(i.ioman_init)
    i.ioman_putSectorInCache                 0x00083526   Section        0  ioman.o(i.ioman_putSectorInCache)
    i.ioman_releaseSector                    0x00083588   Section        0  ioman.o(i.ioman_releaseSector)
    i.ioman_setAttr                          0x00083656   Section        0  ioman.o(i.ioman_setAttr)
    i.main                                   0x00083680   Section        0  datalogger.o(i.main)
    i.memClr                                 0x00083740   Section        0  plibc.o(i.memClr)
    i.memCpy                                 0x00083752   Section        0  plibc.o(i.memCpy)
    i.mkdir                                  0x00083770   Section        0  ui.o(i.mkdir)
    i.part_directSectorWrite                 0x000838e4   Section        0  partition.o(i.part_directSectorWrite)
    i.part_flushPart                         0x00083900   Section        0  partition.o(i.part_flushPart)
    i.part_getSect                           0x0008391e   Section        0  partition.o(i.part_getSect)
    i.part_initPartition                     0x0008393a   Section        0  partition.o(i.part_initPartition)
    i.part_relSect                           0x0008396c   Section        0  partition.o(i.part_relSect)
    i.redLight                               0x00083984   Section        0  datalogger.o(i.redLight)
    i.sd_Command                             0x0008399c   Section        0  sd.o(i.sd_Command)
    i.sd_Init                                0x000839f2   Section        0  sd.o(i.sd_Init)
    i.sd_State                               0x00083afc   Section        0  sd.o(i.sd_State)
    i.sd_getDriveSize                        0x00083b4a   Section        0  sd.o(i.sd_getDriveSize)
    i.sd_readSector                          0x00083bf8   Section        0  sd.o(i.sd_readSector)
    i.sd_writeSector                         0x00083ca0   Section        0  sd.o(i.sd_writeSector)
    i.strMatch                               0x00083d18   Section        0  plibc.o(i.strMatch)
    i.xl345Read                              0x00083d44   Section        0  xl345_io_bb.o(i.xl345Read)
    i.xl345Write                             0x00083e50   Section        0  xl345_io_bb.o(i.xl345Write)
    .constdata                               0x00083ebc   Section       17  __printf_flags_wp.o(.constdata)
    maptable                                 0x00083ebc   Data          17  __printf_flags_wp.o(.constdata)

    Global Symbols

    Symbol Name                              Value     Ov Type        Size  Object(Section)

    BuildAttributes$$THM_ISAv1$ARM_ISAv4$S$PE$A:L22$X:L11$S22$IEEE1$IW$USESV6$~STKCKD$USESV7$~SHL$OTIME$ROPI$EBA8$UX$STANDARDLIB$REQ8$PRES8$EABIv2 0x00000000   Number         0  anon$$obj.o ABSOLUTE
    __ARM_use_no_argv                        0x00000000   Number         0  datalogger.o ABSOLUTE
    _printf_flags                            0x00000000   Number         0  printf_stubs.o ABSOLUTE
    _printf_return_value                     0x00000000   Number         0  printf_stubs.o ABSOLUTE
    _printf_sizespec                         0x00000000   Number         0  printf_stubs.o ABSOLUTE
    _printf_widthprec                        0x00000000   Number         0  printf_stubs.o ABSOLUTE
    __ARM_exceptions_init                     - Undefined Weak Reference
    __alloca_initialize                       - Undefined Weak Reference
    __arm_preinit_                            - Undefined Weak Reference
    __cpp_initialize__aeabi_                  - Undefined Weak Reference
    __cxa_finalize                            - Undefined Weak Reference
    __rt_locale                               - Undefined Weak Reference
    __sigvec_lookup                           - Undefined Weak Reference
    _atexit_init                              - Undefined Weak Reference
    _call_atexit_fns                          - Undefined Weak Reference
    _clock_init                               - Undefined Weak Reference
    _fp_trap_init                             - Undefined Weak Reference
    _fp_trap_shutdown                         - Undefined Weak Reference
    _get_lc_collate                           - Undefined Weak Reference
    _get_lc_ctype                             - Undefined Weak Reference
    _get_lc_monetary                          - Undefined Weak Reference
    _get_lc_numeric                           - Undefined Weak Reference
    _get_lc_time                              - Undefined Weak Reference
    _getenv_init                              - Undefined Weak Reference
    _handle_redirection                       - Undefined Weak Reference
    _init_alloc                               - Undefined Weak Reference
    _init_user_alloc                          - Undefined Weak Reference
    _initio                                   - Undefined Weak Reference
    _printf_mbtowc                            - Undefined Weak Reference
    _printf_truncate_signed                   - Undefined Weak Reference
    _printf_truncate_unsigned                 - Undefined Weak Reference
    _rand_init                                - Undefined Weak Reference
    _signal_finish                            - Undefined Weak Reference
    _signal_init                              - Undefined Weak Reference
    _terminate_alloc                          - Undefined Weak Reference
    _terminate_user_alloc                     - Undefined Weak Reference
    _terminateio                              - Undefined Weak Reference
    interruptSource                          0x00010000   Data           1  datalogger.o(.data)
    i                                        0x00010004   Data           4  datalogger.o(.data)
    result                                   0x00010008   Data           4  datalogger.o(.data)
    num_of_int                               0x0001000c   Data           4  datalogger.o(.data)
    lastTime                                 0x00010010   Data           4  datalogger.o(.data)
    timer2_val                               0x00010014   Data           4  datalogger.o(.data)
    line                                     0x00010018   Data          50  datalogger.o(.bss)
    sensorState                              0x0001004c   Data        2404  datalogger.o(.bss)
    __libspace_start                         0x000109b0   Data          96  libspace.o(.bss)
    __temporary_stack_top$libspace           0x00010a10   Data           0  libspace.o(.bss)
    Reset_Handler                            0x00080040   ARM Code       0  aduc702x.o(RESET)
    __main                                   0x000800bc   ARM Code       8  __main.o(!!!main)
    __scatterload                            0x000800c4   ARM Code       0  __scatter.o(!!!scatter)
    __scatterload_rt2                        0x000800c4   ARM Code      52  __scatter.o(!!!scatter)
    __scatterload_null                       0x000800d8   ARM Code       0  __scatter.o(!!!scatter)
    __scatterload_copy                       0x00080100   ARM Code      40  __scatter_copy.o(!!handler_copy)
    __scatterload_zeroinit                   0x00080128   ARM Code      44  __scatter_zi.o(!!handler_zi)
    Inline Thumb to ARM Veneer to _printf_percent 0x00080155   Thumb Code     4  _printf_percent.o(.ARM.Collect$$_printf_percent$$00000000)
    _printf_d                                0x00080158   ARM Code       0  _printf_d.o(.ARM.Collect$$_printf_percent$$00000009)
    _printf_percent                          0x00080158   ARM Code       0  _printf_percent.o(.ARM.Collect$$_printf_percent$$00000000)
    _printf_s                                0x00080160   ARM Code       0  _printf_s.o(.ARM.Collect$$_printf_percent$$00000014)
    _printf_percent_end                      0x00080168   ARM Code       0  _printf_percent_end.o(.ARM.Collect$$_printf_percent$$00000017)
    Inline ARM to Thumb Veneer to __rt_lib_init 0x00080170   ARM Code       8  libinit.o(.ARM.Collect$$libinit$$00000000)
    __rt_lib_init                            0x00080179   Thumb Code     0  libinit.o(.ARM.Collect$$libinit$$00000000)
    __rt_lib_init_alloca_1                   0x0008017b   Thumb Code     0  libinit2.o(.ARM.Collect$$libinit$$0000002E)
    __rt_lib_init_argv_1                     0x0008017b   Thumb Code     0  libinit2.o(.ARM.Collect$$libinit$$0000002C)
    __rt_lib_init_atexit_1                   0x0008017b   Thumb Code     0  libinit2.o(.ARM.Collect$$libinit$$0000001B)
    __rt_lib_init_clock_1                    0x0008017b   Thumb Code     0  libinit2.o(.ARM.Collect$$libinit$$00000021)
    __rt_lib_init_cpp_1                      0x0008017b   Thumb Code     0  libinit2.o(.ARM.Collect$$libinit$$00000032)
    __rt_lib_init_exceptions_1               0x0008017b   Thumb Code     0  libinit2.o(.ARM.Collect$$libinit$$00000030)
    __rt_lib_init_fp_1                       0x0008017b   Thumb Code     0  libinit2.o(.ARM.Collect$$libinit$$00000002)
    __rt_lib_init_fp_trap_1                  0x0008017b   Thumb Code     0  libinit2.o(.ARM.Collect$$libinit$$0000001F)
    __rt_lib_init_getenv_1                   0x0008017b   Thumb Code     0  libinit2.o(.ARM.Collect$$libinit$$00000023)
    __rt_lib_init_heap_1                     0x0008017b   Thumb Code     0  libinit2.o(.ARM.Collect$$libinit$$0000000A)
    __rt_lib_init_lc_collate_1               0x0008017b   Thumb Code     0  libinit2.o(.ARM.Collect$$libinit$$00000011)
    __rt_lib_init_lc_ctype_1                 0x0008017b   Thumb Code     0  libinit2.o(.ARM.Collect$$libinit$$00000013)
    __rt_lib_init_lc_monetary_1              0x0008017b   Thumb Code     0  libinit2.o(.ARM.Collect$$libinit$$00000015)
    __rt_lib_init_lc_numeric_1               0x0008017b   Thumb Code     0  libinit2.o(.ARM.Collect$$libinit$$00000017)
    __rt_lib_init_lc_time_1                  0x0008017b   Thumb Code     0  libinit2.o(.ARM.Collect$$libinit$$00000019)
    __rt_lib_init_preinit_1                  0x0008017b   Thumb Code     0  libinit2.o(.ARM.Collect$$libinit$$00000004)
    __rt_lib_init_rand_1                     0x0008017b   Thumb Code     0  libinit2.o(.ARM.Collect$$libinit$$0000000E)
    __rt_lib_init_return                     0x0008017b   Thumb Code     0  libinit2.o(.ARM.Collect$$libinit$$00000033)
    __rt_lib_init_signal_1                   0x0008017b   Thumb Code     0  libinit2.o(.ARM.Collect$$libinit$$0000001D)
    __rt_lib_init_stdio_1                    0x0008017b   Thumb Code     0  libinit2.o(.ARM.Collect$$libinit$$00000025)
    __rt_lib_init_user_alloc_1               0x0008017b   Thumb Code     0  libinit2.o(.ARM.Collect$$libinit$$0000000C)
    Inline ARM to Thumb Veneer to __rt_lib_shutdown 0x00080188   ARM Code       8  libshutdown.o(.ARM.Collect$$libshutdown$$00000000)
    __rt_lib_shutdown                        0x00080191   Thumb Code     0  libshutdown.o(.ARM.Collect$$libshutdown$$00000000)
    __rt_lib_shutdown_fp_trap_1              0x00080195   Thumb Code     0  libshutdown2.o(.ARM.Collect$$libshutdown$$00000006)
    __rt_lib_shutdown_heap_1                 0x00080195   Thumb Code     0  libshutdown2.o(.ARM.Collect$$libshutdown$$0000000E)
    __rt_lib_shutdown_return                 0x00080195   Thumb Code     0  libshutdown2.o(.ARM.Collect$$libshutdown$$0000000F)
    __rt_lib_shutdown_signal_1               0x00080195   Thumb Code     0  libshutdown2.o(.ARM.Collect$$libshutdown$$00000009)
    __rt_lib_shutdown_stdio_1                0x00080195   Thumb Code     0  libshutdown2.o(.ARM.Collect$$libshutdown$$00000003)
    __rt_lib_shutdown_user_alloc_1           0x00080195   Thumb Code     0  libshutdown2.o(.ARM.Collect$$libshutdown$$0000000B)
    __rt_entry                               0x0008019c   ARM Code       0  __rtentry.o(.ARM.Collect$$rtentry$$00000000)
    __rt_entry_presh_1                       0x0008019c   ARM Code       0  __rtentry2.o(.ARM.Collect$$rtentry$$00000002)
    __rt_entry_sh                            0x0008019c   ARM Code       0  __rtentry4.o(.ARM.Collect$$rtentry$$00000004)
    __rt_entry_li                            0x000801a4   ARM Code       0  __rtentry2.o(.ARM.Collect$$rtentry$$0000000A)
    __rt_entry_postsh_1                      0x000801a4   ARM Code       0  __rtentry2.o(.ARM.Collect$$rtentry$$00000009)
    __rt_entry_main                          0x000801a8   ARM Code       0  __rtentry2.o(.ARM.Collect$$rtentry$$0000000D)
    __rt_entry_postli_1                      0x000801a8   ARM Code       0  __rtentry2.o(.ARM.Collect$$rtentry$$0000000C)
    Inline Thumb to ARM Veneer to __rt_exit  0x000801d1   Thumb Code     4  rtexit.o(.ARM.Collect$$rtexit$$00000000)
    __rt_exit                                0x000801d4   ARM Code       0  rtexit.o(.ARM.Collect$$rtexit$$00000000)
    __rt_exit_ls                             0x000801d8   ARM Code       0  rtexit2.o(.ARM.Collect$$rtexit$$00000003)
    __rt_exit_prels_1                        0x000801d8   ARM Code       0  rtexit2.o(.ARM.Collect$$rtexit$$00000002)
    __rt_exit_exit                           0x000801dc   ARM Code       0  rtexit2.o(.ARM.Collect$$rtexit$$00000004)
    __user_initial_stackheap                 0x000801e4   ARM Code       0  aduc702x.o(.text)
    __I$use$semihosting                      0x00080204   ARM Code       0  use_no_semi.o(.text)
    __use_no_semihosting_swi                 0x00080204   ARM Code       4  use_no_semi.o(.text)
    __2snprintf                              0x00080209   Thumb Code    50  noretval__2snprintf.o(.text)
    _printf_pre_padding                      0x00080241   Thumb Code    50  _printf_pad.o(.text)
    _printf_post_padding                     0x00080273   Thumb Code    36  _printf_pad.o(.text)
    _printf_str                              0x00080297   Thumb Code    88  _printf_str.o(.text)
    Inline ARM to Thumb Veneer to _printf_int_dec 0x000802f0   ARM Code       8  _printf_dec.o(.text)
    _printf_int_dec                          0x000802f9   Thumb Code    94  _printf_dec.o(.text)
    __printf                                 0x00080369   Thumb Code   322  __printf_flags_wp.o(.text)
    strlen                                   0x000804b1   Thumb Code    64  strlen.o(.text)
    Inline Thumb to ARM Veneer to __aeabi_memset 0x000804f5   Thumb Code     4  aeabi_memset.o(.text)
    __aeabi_memset                           0x000804f8   ARM Code      16  aeabi_memset.o(.text)
    Inline Thumb to ARM Veneer to __aeabi_memclr4 0x00080509   Thumb Code     4  rt_memclr_w.o(.text)
    __aeabi_memclr4                          0x0008050c   ARM Code       0  rt_memclr_w.o(.text)
    __aeabi_memclr8                          0x0008050c   ARM Code       0  rt_memclr_w.o(.text)
    __rt_memclr_w                            0x0008050c   ARM Code      84  rt_memclr_w.o(.text)
    _memset_w                                0x00080510   ARM Code       0  rt_memclr_w.o(.text)
    Inline Thumb to ARM Veneer to __aeabi_idivmod 0x00080561   Thumb Code     4  aeabi_sdivfast.o(.text)
    __aeabi_idiv                             0x00080564   ARM Code       0  aeabi_sdivfast.o(.text)
    __aeabi_idivmod                          0x00080564   ARM Code     556  aeabi_sdivfast.o(.text)
    __use_two_region_memory                  0x00080791   Thumb Code     2  heapauxi.o(.text)
    __rt_heap_escrow$2region                 0x00080793   Thumb Code     2  heapauxi.o(.text)
    __rt_heap_expand$2region                 0x00080795   Thumb Code     2  heapauxi.o(.text)
    _printf_int_common                       0x00080797   Thumb Code   186  _printf_intcommon.o(.text)
    _printf_char_common                      0x0008085b   Thumb Code    34  _printf_char_common.o(.text)
    _sputc                                   0x00080881   Thumb Code    10  _sputc.o(.text)
    _snputc                                  0x0008088b   Thumb Code    16  _snputc.o(.text)
    Inline ARM to Thumb Veneer to _printf_string 0x0008089c   ARM Code       8  _printf_char.o(.text)
    _printf_cs_common                        0x000808a5   Thumb Code    26  _printf_char.o(.text)
    _printf_char                             0x000808bf   Thumb Code    16  _printf_char.o(.text)
    _printf_string                           0x000808cf   Thumb Code     8  _printf_char.o(.text)
    __aeabi_memclr                           0x000808d8   ARM Code       0  rt_memclr.o(.text)
    __rt_memclr                              0x000808d8   ARM Code      64  rt_memclr.o(.text)
    _memset                                  0x000808dc   ARM Code       0  rt_memclr.o(.text)
    Inline Thumb to ARM Veneer to __rt_udiv10 0x00080919   Thumb Code     4  rtudiv10.o(.text)
    __rt_udiv10                              0x0008091c   ARM Code      44  rtudiv10.o(.text)
    __user_setup_stackheap                   0x00080948   ARM Code      96  sys_stackheap_outer.o(.text)
    exit                                     0x000809a9   Thumb Code    12  exit.o(.text)
    __user_libspace                          0x000809b4   ARM Code      12  libspace.o(.text)
    __user_perproc_libspace                  0x000809b4   ARM Code       0  libspace.o(.text)
    __user_perthread_libspace                0x000809b4   ARM Code       0  libspace.o(.text)
    Inline Thumb to ARM Veneer to __aeabi_uidivmod 0x000809c1   Thumb Code     4  aeabi_sdivfast.o(.text_udiv)
    __aeabi_uidiv                            0x000809c4   ARM Code       0  aeabi_sdivfast.o(.text_udiv)
    __aeabi_uidivmod                         0x000809c4   ARM Code      48  aeabi_sdivfast.o(.text_udiv)
    DAbt_Handler                             0x000809f4   ARM Code      40  datalogger.o(i.DAbt_Handler)
    FIQ_Handler                              0x00080a1c   ARM Code      36  datalogger.o(i.FIQ_Handler)
    I2C_WRITE                                0x00080a41   Thumb Code    92  xl345_io_bb.o(i.I2C_WRITE)
    IRQ_Handler                              0x00080aa8   ARM Code     228  datalogger.o(i.IRQ_Handler)
    InitFs                                   0x00080b95   Thumb Code   272  datalogger.o(i.InitFs)
    Initialize                               0x00080e95   Thumb Code   226  datalogger.o(i.Initialize)
    PAbt_Handler                             0x00080f88   ARM Code      40  datalogger.o(i.PAbt_Handler)
    SWI_Handler                              0x00080fb0   ARM Code      36  datalogger.o(i.SWI_Handler)
    SensorLoop                               0x00080fd5   Thumb Code   754  datalogger.o(i.SensorLoop)
    UART_Config                              0x00081479   Thumb Code    30  debug_printf.o(i.UART_Config)
    Undef_Handler                            0x000814a0   ARM Code      40  datalogger.o(i.Undef_Handler)
    __ARM_common_call_via_r1                 0x000814c9   Thumb Code     2  __printf.o(i.__ARM_common_call_via_r1)
    __ARM_common_call_via_r2                 0x000814cb   Thumb Code     2  __printf.o(i.__ARM_common_call_via_r2)
    _is_digit                                0x000814cd   Thumb Code    14  __printf_wp.o(i._is_digit)
    Inline ARM to Thumb Veneer to _sys_exit  0x000814dc   ARM Code       8  retarget.o(i._sys_exit)
    _sys_exit                                0x000814e5   Thumb Code     2  retarget.o(i._sys_exit)
    Inline ARM to Thumb Veneer to debug_printf 0x000814e8   ARM Code       8  debug_printf.o(i.debug_printf)
    debug_printf                             0x000814f1   Thumb Code   452  debug_printf.o(i.debug_printf)
    dir_addCluster                           0x000816b9   Thumb Code    66  dir.o(i.dir_addCluster)
    dir_createDefaultEntry                   0x000816fb   Thumb Code    42  dir.o(i.dir_createDefaultEntry)
    dir_createDirectoryEntry                 0x00081725   Thumb Code    48  dir.o(i.dir_createDirectoryEntry)
    dir_findinDir                            0x00081755   Thumb Code   360  dir.o(i.dir_findinDir)
    dir_findinRootArea                       0x000818bd   Thumb Code   310  dir.o(i.dir_findinRootArea)
    dir_getFatFileName                       0x000819f3   Thumb Code    88  dir.o(i.dir_getFatFileName)
    dir_getFileStructure                     0x00081a4b   Thumb Code    48  dir.o(i.dir_getFileStructure)
    dir_setFileSize                          0x00081a7b   Thumb Code    40  dir.o(i.dir_setFileSize)
    dir_setFirstCluster                      0x00081aa3   Thumb Code    50  dir.o(i.dir_setFirstCluster)
    dir_updateDirectoryEntry                 0x00081ad5   Thumb Code    50  dir.o(i.dir_updateDirectoryEntry)
    disc_initDisc                            0x00081b07   Thumb Code    64  disc.o(i.disc_initDisc)
    efs_init                                 0x00081b47   Thumb Code   126  efs.o(i.efs_init)
    ex_getPartitionField                     0x00081bc5   Thumb Code    84  extract.o(i.ex_getPartitionField)
    ex_getb16                                0x00081c19   Thumb Code    16  extract.o(i.ex_getb16)
    ex_getb32                                0x00081c29   Thumb Code    24  extract.o(i.ex_getb32)
    fat_LogicToDiscCluster                   0x00081c41   Thumb Code   266  fat.o(i.fat_LogicToDiscCluster)
    fat_allocClusterChain                    0x00081d59   Thumb Code   368  fat.o(i.fat_allocClusterChain)
    fat_countClustersInChain                 0x00081ed5   Thumb Code    62  fat.o(i.fat_countClustersInChain)
    fat_getNextClusterAddress                0x00081f13   Thumb Code   160  fat.o(i.fat_getNextClusterAddress)
    fat_getNextClusterAddressWBuf            0x00081fb3   Thumb Code   128  fat.o(i.fat_getNextClusterAddressWBuf)
    fat_getNextClusterChain                  0x00082035   Thumb Code   208  fat.o(i.fat_getNextClusterChain)
    fat_getSectorAddressFatEntry             0x00082111   Thumb Code    56  fat.o(i.fat_getSectorAddressFatEntry)
    fat_giveEocMarker                        0x00082149   Thumb Code    32  fat.o(i.fat_giveEocMarker)
    fat_setNextClusterAddress                0x00082175   Thumb Code   226  fat.o(i.fat_setNextClusterAddress)
    fat_setNextClusterAddressWBuf            0x00082257   Thumb Code   206  fat.o(i.fat_setNextClusterAddressWBuf)
    file_fclose                              0x00082325   Thumb Code    96  file.o(i.file_fclose)
    file_fopen                               0x00082385   Thumb Code   704  file.o(i.file_fopen)
    file_fwrite                              0x00082645   Thumb Code   398  file.o(i.file_fwrite)
    file_normalToFatName                     0x000827d3   Thumb Code   270  file.o(i.file_normalToFatName)
    file_write                               0x000828e1   Thumb Code    30  file.o(i.file_write)
    fs_clearCluster                          0x000828ff   Thumb Code   104  fs.o(i.fs_clearCluster)
    fs_clusterToSector                       0x00082967   Thumb Code    38  fs.o(i.fs_clusterToSector)
    fs_findFile                              0x0008298d   Thumb Code   218  fs.o(i.fs_findFile)
    fs_findFreeFile                          0x00082a67   Thumb Code   110  fs.o(i.fs_findFreeFile)
    fs_getLastCluster                        0x00082ad5   Thumb Code    64  fs.o(i.fs_getLastCluster)
    fs_getNextFreeCluster                    0x00082b15   Thumb Code    50  fs.o(i.fs_getNextFreeCluster)
    fs_giveFreeClusterHint                   0x00082b47   Thumb Code     4  fs.o(i.fs_giveFreeClusterHint)
    fs_hasTimeSupport                        0x00082b4b   Thumb Code     4  time.o(i.fs_hasTimeSupport)
    fs_initClusterChain                      0x00082b4f   Thumb Code    16  fs.o(i.fs_initClusterChain)
    fs_initFs                                0x00082b61   Thumb Code   336  fs.o(i.fs_initFs)
    fs_setFirstClusterInDirEntry             0x00082cbd   Thumb Code     8  fs.o(i.fs_setFirstClusterInDirEntry)
    fs_umount                                0x00082cc5   Thumb Code    18  fs.o(i.fs_umount)
    fs_verifySanity                          0x00082cd7   Thumb Code   140  fs.o(i.fs_verifySanity)
    Inline ARM to Thumb Veneer to greenLight 0x00082d64   ARM Code       8  datalogger.o(i.greenLight)
    greenLight                               0x00082d6d   Thumb Code    18  datalogger.o(i.greenLight)
    i2cinit                                  0x00082d85   Thumb Code    18  xl345_io_bb.o(i.i2cinit)
    if_initInterface                         0x00082da1   Thumb Code   144  aduc702x_spi.o(i.if_initInterface)
    if_readBuf                               0x00082e49   Thumb Code    16  aduc702x_spi.o(i.if_readBuf)
    if_spiSend                               0x00082e59   Thumb Code    28  aduc702x_spi.o(i.if_spiSend)
    if_writeBuf                              0x00082e7d   Thumb Code    12  aduc702x_spi.o(i.if_writeBuf)
    ioman_directSectorWrite                  0x00082e89   Thumb Code   306  ioman.o(i.ioman_directSectorWrite)
    ioman_findUnusedSpot                     0x00082fbb   Thumb Code   192  ioman.o(i.ioman_findUnusedSpot)
    ioman_flushRange                         0x0008307b   Thumb Code   130  ioman.o(i.ioman_flushRange)
    ioman_flushSector                        0x000830fd   Thumb Code   126  ioman.o(i.ioman_flushSector)
    ioman_getSector                          0x0008317b   Thumb Code   814  ioman.o(i.ioman_getSector)
    ioman_init                               0x000834a9   Thumb Code   126  ioman.o(i.ioman_init)
    ioman_putSectorInCache                   0x00083527   Thumb Code    98  ioman.o(i.ioman_putSectorInCache)
    ioman_releaseSector                      0x00083589   Thumb Code   206  ioman.o(i.ioman_releaseSector)
    ioman_setAttr                            0x00083657   Thumb Code    42  ioman.o(i.ioman_setAttr)
    main                                     0x00083681   Thumb Code    66  datalogger.o(i.main)
    memClr                                   0x00083741   Thumb Code    18  plibc.o(i.memClr)
    memCpy                                   0x00083753   Thumb Code    28  plibc.o(i.memCpy)
    mkdir                                    0x00083771   Thumb Code   346  ui.o(i.mkdir)
    part_directSectorWrite                   0x000838e5   Thumb Code    28  partition.o(i.part_directSectorWrite)
    part_flushPart                           0x00083901   Thumb Code    30  partition.o(i.part_flushPart)
    part_getSect                             0x0008391f   Thumb Code    28  partition.o(i.part_getSect)
    part_initPartition                       0x0008393b   Thumb Code    50  partition.o(i.part_initPartition)
    part_relSect                             0x0008396d   Thumb Code    16  partition.o(i.part_relSect)
    Inline ARM to Thumb Veneer to redLight   0x0008397c   ARM Code       8  datalogger.o(i.redLight)
    redLight                                 0x00083985   Thumb Code    18  datalogger.o(i.redLight)
    sd_Command                               0x0008399d   Thumb Code    86  sd.o(i.sd_Command)
    sd_Init                                  0x000839f3   Thumb Code   266  sd.o(i.sd_Init)
    sd_State                                 0x00083afd   Thumb Code    78  sd.o(i.sd_State)
    sd_getDriveSize                          0x00083b4b   Thumb Code   172  sd.o(i.sd_getDriveSize)
    sd_readSector                            0x00083bf9   Thumb Code   162  sd.o(i.sd_readSector)
    sd_writeSector                           0x00083ca1   Thumb Code   120  sd.o(i.sd_writeSector)
    strMatch                                 0x00083d19   Thumb Code    36  plibc.o(i.strMatch)
    Inline ARM to Thumb Veneer to xl345Read  0x00083d3c   ARM Code       8  xl345_io_bb.o(i.xl345Read)
    xl345Read                                0x00083d45   Thumb Code   256  xl345_io_bb.o(i.xl345Read)
    xl345Write                               0x00083e51   Thumb Code    94  xl345_io_bb.o(i.xl345Write)
    Region$$Table$$Base                      0x00083ed0   Number         0  anon$$obj.o(Region$$Table)
    Region$$Table$$Limit                     0x00083ef0   Number         0  anon$$obj.o(Region$$Table)



==============================================================================

Memory Map of the image

  Image Entry point : 0x000800bc

  Load Region LR_IROM1 (Base: 0x00080000, Size: 0x00003f08, Max: 0x0000f800, ABSOLUTE)

    Execution Region RW_IRAM1 (Base: 0x00010000, Size: 0x0000151c, Max: 0x00002000, ABSOLUTE)

    Base Addr    Size         Type   Attr      Idx    E Section Name        Object

    0x00010000   0x00000018   Data   RW           91    .data               datalogger.o
    0x00010018   0x00000998   Zero   RW           90    .bss                datalogger.o
    0x000109b0   0x00000060   Zero   RW         1482    .bss                c_t.l(libspace.o)
    0x00010a10   0x00000000   Zero   RW            2    HEAP                aduc702x.o
    0x00010a10   0x00000b0c   Zero   RW            1    STACK               aduc702x.o


    Execution Region ER_IROM1 (Base: 0x00080000, Size: 0x00003ef0, Max: 0x0000f800, ABSOLUTE)

    Base Addr    Size         Type   Attr      Idx    E Section Name        Object

    0x00080000   0x000000bc   Code   RO            3    RESET               aduc702x.o
    0x000800bc   0x00000008   Code   RO         1422  * !!!main             c_t.l(__main.o)
    0x000800c4   0x0000003c   Code   RO         1605    !!!scatter          c_t.l(__scatter.o)
    0x00080100   0x00000028   Code   RO         1607    !!handler_copy      c_t.l(__scatter_copy.o)
    0x00080128   0x0000002c   Code   RO         1609    !!handler_zi        c_t.l(__scatter_zi.o)
    0x00080154   0x00000004   Ven    RO         1397    .ARM.Collect$$_printf_percent$$00000000  c_t.l(_printf_percent.o)
    0x00080158   0x00000000   Code   RO         1397    .ARM.Collect$$_printf_percent$$00000000  c_t.l(_printf_percent.o)
    0x00080158   0x00000008   Code   RO         1396    .ARM.Collect$$_printf_percent$$00000009  c_t.l(_printf_d.o)
    0x00080160   0x00000008   Code   RO         1395    .ARM.Collect$$_printf_percent$$00000014  c_t.l(_printf_s.o)
    0x00080168   0x00000008   Code   RO         1439    .ARM.Collect$$_printf_percent$$00000017  c_t.l(_printf_percent_end.o)
    0x00080170   0x00000008   Ven    RO         1480    .ARM.Collect$$libinit$$00000000  c_t.l(libinit.o)
    0x00080178   0x00000002   Code   RO         1480    .ARM.Collect$$libinit$$00000000  c_t.l(libinit.o)
    0x0008017a   0x00000000   Code   RO         1493    .ARM.Collect$$libinit$$00000002  c_t.l(libinit2.o)
    0x0008017a   0x00000000   Code   RO         1495    .ARM.Collect$$libinit$$00000004  c_t.l(libinit2.o)
    0x0008017a   0x00000000   Code   RO         1498    .ARM.Collect$$libinit$$0000000A  c_t.l(libinit2.o)
    0x0008017a   0x00000000   Code   RO         1500    .ARM.Collect$$libinit$$0000000C  c_t.l(libinit2.o)
    0x0008017a   0x00000000   Code   RO         1502    .ARM.Collect$$libinit$$0000000E  c_t.l(libinit2.o)
    0x0008017a   0x00000000   Code   RO         1505    .ARM.Collect$$libinit$$00000011  c_t.l(libinit2.o)
    0x0008017a   0x00000000   Code   RO         1507    .ARM.Collect$$libinit$$00000013  c_t.l(libinit2.o)
    0x0008017a   0x00000000   Code   RO         1509    .ARM.Collect$$libinit$$00000015  c_t.l(libinit2.o)
    0x0008017a   0x00000000   Code   RO         1511    .ARM.Collect$$libinit$$00000017  c_t.l(libinit2.o)
    0x0008017a   0x00000000   Code   RO         1513    .ARM.Collect$$libinit$$00000019  c_t.l(libinit2.o)
    0x0008017a   0x00000000   Code   RO         1515    .ARM.Collect$$libinit$$0000001B  c_t.l(libinit2.o)
    0x0008017a   0x00000000   Code   RO         1517    .ARM.Collect$$libinit$$0000001D  c_t.l(libinit2.o)
    0x0008017a   0x00000000   Code   RO         1519    .ARM.Collect$$libinit$$0000001F  c_t.l(libinit2.o)
    0x0008017a   0x00000000   Code   RO         1521    .ARM.Collect$$libinit$$00000021  c_t.l(libinit2.o)
    0x0008017a   0x00000000   Code   RO         1523    .ARM.Collect$$libinit$$00000023  c_t.l(libinit2.o)
    0x0008017a   0x00000000   Code   RO         1525    .ARM.Collect$$libinit$$00000025  c_t.l(libinit2.o)
    0x0008017a   0x00000000   Code   RO         1529    .ARM.Collect$$libinit$$0000002C  c_t.l(libinit2.o)
    0x0008017a   0x00000000   Code   RO         1531    .ARM.Collect$$libinit$$0000002E  c_t.l(libinit2.o)
    0x0008017a   0x00000000   Code   RO         1533    .ARM.Collect$$libinit$$00000030  c_t.l(libinit2.o)
    0x0008017a   0x00000000   Code   RO         1535    .ARM.Collect$$libinit$$00000032  c_t.l(libinit2.o)
    0x0008017a   0x0000000c   Code   RO         1536    .ARM.Collect$$libinit$$00000033  c_t.l(libinit2.o)
    0x00080186   0x00000002   PAD
    0x00080188   0x00000008   Ven    RO         1562    .ARM.Collect$$libshutdown$$00000000  c_t.l(libshutdown.o)
    0x00080190   0x00000004   Code   RO         1562    .ARM.Collect$$libshutdown$$00000000  c_t.l(libshutdown.o)
    0x00080194   0x00000000   Code   RO         1590    .ARM.Collect$$libshutdown$$00000003  c_t.l(libshutdown2.o)
    0x00080194   0x00000000   Code   RO         1593    .ARM.Collect$$libshutdown$$00000006  c_t.l(libshutdown2.o)
    0x00080194   0x00000000   Code   RO         1596    .ARM.Collect$$libshutdown$$00000009  c_t.l(libshutdown2.o)
    0x00080194   0x00000000   Code   RO         1598    .ARM.Collect$$libshutdown$$0000000B  c_t.l(libshutdown2.o)
    0x00080194   0x00000000   Code   RO         1601    .ARM.Collect$$libshutdown$$0000000E  c_t.l(libshutdown2.o)
    0x00080194   0x00000006   Code   RO         1602    .ARM.Collect$$libshutdown$$0000000F  c_t.l(libshutdown2.o)
    0x0008019a   0x00000002   PAD
    0x0008019c   0x00000000   Code   RO         1424    .ARM.Collect$$rtentry$$00000000  c_t.l(__rtentry.o)
    0x0008019c   0x00000000   Code   RO         1445    .ARM.Collect$$rtentry$$00000002  c_t.l(__rtentry2.o)
    0x0008019c   0x00000008   Code   RO         1457    .ARM.Collect$$rtentry$$00000004  c_t.l(__rtentry4.o)
    0x000801a4   0x00000000   Code   RO         1447    .ARM.Collect$$rtentry$$00000009  c_t.l(__rtentry2.o)
    0x000801a4   0x00000004   Code   RO         1448    .ARM.Collect$$rtentry$$0000000A  c_t.l(__rtentry2.o)
    0x000801a8   0x00000000   Code   RO         1450    .ARM.Collect$$rtentry$$0000000C  c_t.l(__rtentry2.o)
    0x000801a8   0x00000028   Code   RO         1451    .ARM.Collect$$rtentry$$0000000D  c_t.l(__rtentry2.o)
    0x000801d0   0x00000004   Ven    RO         1484    .ARM.Collect$$rtexit$$00000000  c_t.l(rtexit.o)
    0x000801d4   0x00000004   Code   RO         1484    .ARM.Collect$$rtexit$$00000000  c_t.l(rtexit.o)
    0x000801d8   0x00000000   Code   RO         1538    .ARM.Collect$$rtexit$$00000002  c_t.l(rtexit2.o)
    0x000801d8   0x00000004   Code   RO         1539    .ARM.Collect$$rtexit$$00000003  c_t.l(rtexit2.o)
    0x000801dc   0x00000008   Code   RO         1540    .ARM.Collect$$rtexit$$00000004  c_t.l(rtexit2.o)
    0x000801e4   0x00000020   Code   RO            4    .text               aduc702x.o
    0x00080204   0x00000004   Code   RO         1357    .text               c_t.l(use_no_semi.o)
    0x00080208   0x00000038   Code   RO         1361    .text               c_t.l(noretval__2snprintf.o)
    0x00080240   0x00000056   Code   RO         1369    .text               c_t.l(_printf_pad.o)
    0x00080296   0x00000058   Code   RO         1371    .text               c_t.l(_printf_str.o)
    0x000802ee   0x00000002   PAD
    0x000802f0   0x00000008   Ven    RO         1373    .text               c_t.l(_printf_dec.o)
    0x000802f8   0x00000070   Code   RO         1373    .text               c_t.l(_printf_dec.o)
    0x00080368   0x00000148   Code   RO         1387    .text               c_t.l(__printf_flags_wp.o)
    0x000804b0   0x00000044   Code   RO         1398    .text               c_t.l(strlen.o)
    0x000804f4   0x00000004   Ven    RO         1400    .text               c_t.l(aeabi_memset.o)
    0x000804f8   0x00000010   Code   RO         1400    .text               c_t.l(aeabi_memset.o)
    0x00080508   0x00000004   Ven    RO         1402    .text               c_t.l(rt_memclr_w.o)
    0x0008050c   0x00000054   Code   RO         1402    .text               c_t.l(rt_memclr_w.o)
    0x00080560   0x00000004   Ven    RO         1404    .text               c_t.l(aeabi_sdivfast.o)
    0x00080564   0x0000022c   Code   RO         1404    .text               c_t.l(aeabi_sdivfast.o)
    0x00080790   0x00000006   Code   RO         1420    .text               c_t.l(heapauxi.o)
    0x00080796   0x000000ba   Code   RO         1429    .text               c_t.l(_printf_intcommon.o)
    0x00080850   0x00000030   Code   RO         1431    .text               c_t.l(_printf_char_common.o)
    0x00080880   0x0000000a   Code   RO         1433    .text               c_t.l(_sputc.o)
    0x0008088a   0x00000010   Code   RO         1435    .text               c_t.l(_snputc.o)
    0x0008089a   0x00000002   PAD
    0x0008089c   0x00000008   Ven    RO         1437    .text               c_t.l(_printf_char.o)
    0x000808a4   0x00000032   Code   RO         1437    .text               c_t.l(_printf_char.o)
    0x000808d6   0x00000002   PAD
    0x000808d8   0x00000040   Code   RO         1440    .text               c_t.l(rt_memclr.o)
    0x00080918   0x00000004   Ven    RO         1442    .text               c_t.l(rtudiv10.o)
    0x0008091c   0x0000002c   Code   RO         1442    .text               c_t.l(rtudiv10.o)
    0x00080948   0x00000060   Code   RO         1467    .text               c_t.l(sys_stackheap_outer.o)
    0x000809a8   0x0000000c   Code   RO         1469    .text               c_t.l(exit.o)
    0x000809b4   0x0000000c   Code   RO         1481    .text               c_t.l(libspace.o)
    0x000809c0   0x00000004   Ven    RO         1405    .text_udiv          c_t.l(aeabi_sdivfast.o)
    0x000809c4   0x00000030   Code   RO         1405    .text_udiv          c_t.l(aeabi_sdivfast.o)
    0x000809f4   0x00000028   Code   RO           76    i.DAbt_Handler      datalogger.o
    0x00080a1c   0x00000024   Code   RO           77    i.FIQ_Handler       datalogger.o
    0x00080a40   0x00000068   Code   RO          347    i.I2C_WRITE         xl345_io_bb.o
    0x00080aa8   0x000000ec   Code   RO           78    i.IRQ_Handler       datalogger.o
    0x00080b94   0x00000300   Code   RO           79    i.InitFs            datalogger.o
    0x00080e94   0x000000f4   Code   RO           80    i.Initialize        datalogger.o
    0x00080f88   0x00000028   Code   RO           81    i.PAbt_Handler      datalogger.o
    0x00080fb0   0x00000024   Code   RO           82    i.SWI_Handler       datalogger.o
    0x00080fd4   0x000004a4   Code   RO           83    i.SensorLoop        datalogger.o
    0x00081478   0x00000028   Code   RO           11    i.UART_Config       debug_printf.o
    0x000814a0   0x00000028   Code   RO           84    i.Undef_Handler     datalogger.o
    0x000814c8   0x00000002   Code   RO         1367    i.__ARM_common_call_via_r1  c_t.l(__printf.o)
    0x000814ca   0x00000002   Code   RO         1365    i.__ARM_common_call_via_r2  c_t.l(__printf.o)
    0x000814cc   0x0000000e   Code   RO         1385    i._is_digit         c_t.l(__printf_wp.o)
    0x000814da   0x00000002   PAD
    0x000814dc   0x00000008   Ven    RO          397    i._sys_exit         retarget.o
    0x000814e4   0x00000002   Code   RO          397    i._sys_exit         retarget.o
    0x000814e6   0x00000002   PAD
    0x000814e8   0x00000008   Ven    RO           12    i.debug_printf      debug_printf.o
    0x000814f0   0x000001c8   Code   RO           12    i.debug_printf      debug_printf.o
    0x000816b8   0x00000042   Code   RO          815    i.dir_addCluster    efsl2.lib(dir.o)
    0x000816fa   0x0000002a   Code   RO          816    i.dir_createDefaultEntry  efsl2.lib(dir.o)
    0x00081724   0x00000030   Code   RO          817    i.dir_createDirectoryEntry  efsl2.lib(dir.o)
    0x00081754   0x00000168   Code   RO          822    i.dir_findinDir     efsl2.lib(dir.o)
    0x000818bc   0x00000136   Code   RO          823    i.dir_findinRootArea  efsl2.lib(dir.o)
    0x000819f2   0x00000058   Code   RO          824    i.dir_getFatFileName  efsl2.lib(dir.o)
    0x00081a4a   0x00000030   Code   RO          825    i.dir_getFileStructure  efsl2.lib(dir.o)
    0x00081a7a   0x00000028   Code   RO          826    i.dir_setFileSize   efsl2.lib(dir.o)
    0x00081aa2   0x00000032   Code   RO          827    i.dir_setFirstCluster  efsl2.lib(dir.o)
    0x00081ad4   0x00000032   Code   RO          828    i.dir_updateDirectoryEntry  efsl2.lib(dir.o)
    0x00081b06   0x00000040   Code   RO          901    i.disc_initDisc     efsl2.lib(disc.o)
    0x00081b46   0x0000007e   Code   RO          524    i.efs_init          efsl2.lib(efs.o)
    0x00081bc4   0x00000054   Code   RO          919    i.ex_getPartitionField  efsl2.lib(extract.o)
    0x00081c18   0x00000010   Code   RO          920    i.ex_getb16         efsl2.lib(extract.o)
    0x00081c28   0x00000018   Code   RO          921    i.ex_getb32         efsl2.lib(extract.o)
    0x00081c40   0x00000118   Code   RO          962    i.fat_LogicToDiscCluster  efsl2.lib(fat.o)
    0x00081d58   0x0000017c   Code   RO          963    i.fat_allocClusterChain  efsl2.lib(fat.o)
    0x00081ed4   0x0000003e   Code   RO          964    i.fat_countClustersInChain  efsl2.lib(fat.o)
    0x00081f12   0x000000a0   Code   RO          966    i.fat_getNextClusterAddress  efsl2.lib(fat.o)
    0x00081fb2   0x00000080   Code   RO          967    i.fat_getNextClusterAddressWBuf  efsl2.lib(fat.o)
    0x00082032   0x00000002   PAD
    0x00082034   0x000000dc   Code   RO          968    i.fat_getNextClusterChain  efsl2.lib(fat.o)
    0x00082110   0x00000038   Code   RO          969    i.fat_getSectorAddressFatEntry  efsl2.lib(fat.o)
    0x00082148   0x0000002c   Code   RO          970    i.fat_giveEocMarker  efsl2.lib(fat.o)
    0x00082174   0x000000e2   Code   RO          972    i.fat_setNextClusterAddress  efsl2.lib(fat.o)
    0x00082256   0x000000ce   Code   RO          973    i.fat_setNextClusterAddressWBuf  efsl2.lib(fat.o)
    0x00082324   0x00000060   Code   RO          539    i.file_fclose       efsl2.lib(file.o)
    0x00082384   0x000002c0   Code   RO          540    i.file_fopen        efsl2.lib(file.o)
    0x00082644   0x0000018e   Code   RO          542    i.file_fwrite       efsl2.lib(file.o)
    0x000827d2   0x0000010e   Code   RO          545    i.file_normalToFatName  efsl2.lib(file.o)
    0x000828e0   0x0000001e   Code   RO          551    i.file_write        efsl2.lib(file.o)
    0x000828fe   0x00000068   Code   RO          617    i.fs_clearCluster   efsl2.lib(fs.o)
    0x00082966   0x00000026   Code   RO          618    i.fs_clusterToSector  efsl2.lib(fs.o)
    0x0008298c   0x000000da   Code   RO          621    i.fs_findFile       efsl2.lib(fs.o)
    0x00082a66   0x0000006e   Code   RO          623    i.fs_findFreeFile   efsl2.lib(fs.o)
    0x00082ad4   0x00000040   Code   RO          627    i.fs_getLastCluster  efsl2.lib(fs.o)
    0x00082b14   0x00000032   Code   RO          628    i.fs_getNextFreeCluster  efsl2.lib(fs.o)
    0x00082b46   0x00000004   Code   RO          629    i.fs_giveFreeClusterHint  efsl2.lib(fs.o)
    0x00082b4a   0x00000004   Code   RO         1331    i.fs_hasTimeSupport  efsl2.lib(time.o)
    0x00082b4e   0x00000010   Code   RO          630    i.fs_initClusterChain  efsl2.lib(fs.o)
    0x00082b5e   0x00000002   PAD
    0x00082b60   0x0000015c   Code   RO          632    i.fs_initFs         efsl2.lib(fs.o)
    0x00082cbc   0x00000008   Code   RO          636    i.fs_setFirstClusterInDirEntry  efsl2.lib(fs.o)
    0x00082cc4   0x00000012   Code   RO          638    i.fs_umount         efsl2.lib(fs.o)
    0x00082cd6   0x0000008c   Code   RO          639    i.fs_verifySanity   efsl2.lib(fs.o)
    0x00082d62   0x00000002   PAD
    0x00082d64   0x00000008   Ven    RO           87    i.greenLight        datalogger.o
    0x00082d6c   0x00000018   Code   RO           87    i.greenLight        datalogger.o
    0x00082d84   0x0000001c   Code   RO          348    i.i2cinit           xl345_io_bb.o
    0x00082da0   0x000000a8   Code   RO          280    i.if_initInterface  aduc702x_spi.o
    0x00082e48   0x00000010   Code   RO          281    i.if_readBuf        aduc702x_spi.o
    0x00082e58   0x00000024   Code   RO          284    i.if_spiSend        aduc702x_spi.o
    0x00082e7c   0x0000000c   Code   RO          286    i.if_writeBuf       aduc702x_spi.o
    0x00082e88   0x00000132   Code   RO         1051    i.ioman_directSectorWrite  efsl2.lib(ioman.o)
    0x00082fba   0x000000c0   Code   RO         1055    i.ioman_findUnusedSpot  efsl2.lib(ioman.o)
    0x0008307a   0x00000082   Code   RO         1057    i.ioman_flushRange  efsl2.lib(ioman.o)
    0x000830fc   0x0000007e   Code   RO         1058    i.ioman_flushSector  efsl2.lib(ioman.o)
    0x0008317a   0x0000032e   Code   RO         1064    i.ioman_getSector   efsl2.lib(ioman.o)
    0x000834a8   0x0000007e   Code   RO         1068    i.ioman_init        efsl2.lib(ioman.o)
    0x00083526   0x00000062   Code   RO         1072    i.ioman_putSectorInCache  efsl2.lib(ioman.o)
    0x00083588   0x000000ce   Code   RO         1074    i.ioman_releaseSector  efsl2.lib(ioman.o)
    0x00083656   0x0000002a   Code   RO         1079    i.ioman_setAttr     efsl2.lib(ioman.o)
    0x00083680   0x000000c0   Code   RO           88    i.main              datalogger.o
    0x00083740   0x00000012   Code   RO         1298    i.memClr            efsl2.lib(plibc.o)
    0x00083752   0x0000001c   Code   RO         1299    i.memCpy            efsl2.lib(plibc.o)
    0x0008376e   0x00000002   PAD
    0x00083770   0x00000174   Code   RO          419    i.mkdir             efsl2.lib(ui.o)
    0x000838e4   0x0000001c   Code   RO         1234    i.part_directSectorWrite  efsl2.lib(partition.o)
    0x00083900   0x0000001e   Code   RO         1235    i.part_flushPart    efsl2.lib(partition.o)
    0x0008391e   0x0000001c   Code   RO         1237    i.part_getSect      efsl2.lib(partition.o)
    0x0008393a   0x00000032   Code   RO         1238    i.part_initPartition  efsl2.lib(partition.o)
    0x0008396c   0x00000010   Code   RO         1241    i.part_relSect      efsl2.lib(partition.o)
    0x0008397c   0x00000008   Ven    RO           89    i.redLight          datalogger.o
    0x00083984   0x00000018   Code   RO           89    i.redLight          datalogger.o
    0x0008399c   0x00000056   Code   RO          752    i.sd_Command        efsl2.lib(sd.o)
    0x000839f2   0x0000010a   Code   RO          753    i.sd_Init           efsl2.lib(sd.o)
    0x00083afc   0x0000004e   Code   RO          757    i.sd_State          efsl2.lib(sd.o)
    0x00083b4a   0x000000ac   Code   RO          758    i.sd_getDriveSize   efsl2.lib(sd.o)
    0x00083bf6   0x00000002   PAD
    0x00083bf8   0x000000a8   Code   RO          759    i.sd_readSector     efsl2.lib(sd.o)
    0x00083ca0   0x00000078   Code   RO          760    i.sd_writeSector    efsl2.lib(sd.o)
    0x00083d18   0x00000024   Code   RO         1301    i.strMatch          efsl2.lib(plibc.o)
    0x00083d3c   0x00000008   Ven    RO          349    i.xl345Read         xl345_io_bb.o
    0x00083d44   0x0000010c   Code   RO          349    i.xl345Read         xl345_io_bb.o
    0x00083e50   0x0000006c   Code   RO          350    i.xl345Write        xl345_io_bb.o
    0x00083ebc   0x00000011   Data   RO         1388    .constdata          c_t.l(__printf_flags_wp.o)
    0x00083ecd   0x00000003   PAD
    0x00083ed0   0x00000020   Data   RO         1603    Region$$Table       anon$$obj.o


==============================================================================

Image component sizes


      Code (inc. data)   RO Data    RW Data    ZI Data      Debug   Object Name

       220         56          0          0       2828        452   aduc702x.o
       232         32          0          0          0       4223   aduc702x_spi.o
      2868       1146          0         24       2456      14628   datalogger.o
       496         14          0          0          0       4341   debug_printf.o
         2          0          0          0          0        348   retarget.o
       508         48          0          0          0       3113   xl345_io_bb.o

    ----------------------------------------------------------------------
      4368       1296         32         24       5284      27105   Object Totals
        40          0         32          0          0          0   (incl. Generated)
         2          0          0          0          0          0   (incl. Padding)

    ----------------------------------------------------------------------

      Code (inc. data)   RO Data    RW Data    ZI Data      Debug   Library Member Name

         8          0          0          0          0         68   __main.o
         4          0          0          0          0        120   __printf.o
       328          6         17          0          0         92   __printf_flags_wp.o
        14          0          0          0          0         60   __printf_wp.o
         0          0          0          0          0          0   __rtentry.o
        44          4          0          0          0          0   __rtentry2.o
         8          0          0          0          0          0   __rtentry4.o
        60          8          0          0          0          0   __scatter.o
        40          0          0          0          0          0   __scatter_copy.o
        44          0          0          0          0          0   __scatter_zi.o
        58          0          0          0          0        112   _printf_char.o
        48          4          0          0          0         96   _printf_char_common.o
         8          0          0          0          0          0   _printf_d.o
       120         18          0          0          0         88   _printf_dec.o
       186          0          0          0          0         96   _printf_intcommon.o
        86          0          0          0          0        116   _printf_pad.o
         4          0          0          0          0          0   _printf_percent.o
         8          0          0          0          0          0   _printf_percent_end.o
         8          0          0          0          0          0   _printf_s.o
        88          0          0          0          0         84   _printf_str.o
        16          0          0          0          0         60   _snputc.o
        10          0          0          0          0         60   _sputc.o
        20          0          0          0          0         68   aeabi_memset.o
       612          0          0          0          0        148   aeabi_sdivfast.o
        12          0          0          0          0         64   exit.o
         6          0          0          0          0        136   heapauxi.o
        10          0          0          0          0          0   libinit.o
        12          0          0          0          0          0   libinit2.o
        12          0          0          0          0          0   libshutdown.o
         6          0          0          0          0          0   libshutdown2.o
        12          4          0          0         96         68   libspace.o
        56          6          0          0          0         84   noretval__2snprintf.o
        64          0          0          0          0         68   rt_memclr.o
        88          0          0          0          0         80   rt_memclr_w.o
         8          0          0          0          0          0   rtexit.o
        12          0          0          0          0          0   rtexit2.o
        48          0          0          0          0         68   rtudiv10.o
        68          4          0          0          0         76   strlen.o
        96          0          0          0          0         80   sys_stackheap_outer.o
         4          0          0          0          0         68   use_no_semi.o
      1102          0          0          0          0       9330   dir.o
        64          0          0          0          0        967   disc.o
       126          0          0          0          0       1415   efs.o
       124          0          0          0          0       1867   extract.o
      1762         50          0          0          0      10717   fat.o
      1498          0          0          0          0       7521   file.o
      1118         12          0          0          0       9443   fs.o
      2040          0          0          0          0      13627   ioman.o
       152          0          0          0          0       3450   partition.o
        82          0          0          0          0       1893   plibc.o
       890          6          0          0          0       6993   sd.o
         4          0          0          0          0        396   time.o
       372         26          0          0          0       7356   ui.o

    ----------------------------------------------------------------------
     11692        148         20          0         96      77035   Library Totals
        22          0          3          0          0          0   (incl. Padding)

    ----------------------------------------------------------------------

      Code (inc. data)   RO Data    RW Data    ZI Data      Debug   Library Name

      2336         54         17          0         96       2060   c_t.l
      9334         94          0          0          0      74975   efsl2.lib

    ----------------------------------------------------------------------
     11692        148         20          0         96      77035   Library Totals

    ----------------------------------------------------------------------

==============================================================================


      Code (inc. data)   RO Data    RW Data    ZI Data      Debug   

     16060       1444         52         24       5380      99694   Grand Totals
     16060       1444         52         24       5380      99694   ELF Image Totals
     16060       1444         52         24          0          0   ROM Totals

==============================================================================

    Total RO  Size (Code + RO Data)                16112 (  15.73kB)
    Total RW  Size (RW Data + ZI Data)              5404 (   5.28kB)
    Total ROM Size (Code + RO Data + RW Data)      16136 (  15.76kB)

==============================================================================

